<?xml version="1.0" encoding="ISO-8859-1" ?>
<link_info>
   <banner>TI ARM Linker PC v18.12.4.LTS</banner>
   <copyright>Copyright (c) 1996-2018 Texas Instruments Incorporated</copyright>
   <link_time>0x6144d4e1</link_time>
   <link_errors>0x0</link_errors>
   <output_file>RTOS.out</output_file>
   <entry_point>
      <name>_c_int00_noargs</name>
      <address>0x3e65</address>
   </entry_point>
   <input_file_list>
      <input_file id="fl-2">
         <path>.\</path>
         <kind>object</kind>
         <file>heap_2.obj</file>
         <name>heap_2.obj</name>
      </input_file>
      <input_file id="fl-3">
         <path>.\</path>
         <kind>object</kind>
         <file>list.obj</file>
         <name>list.obj</name>
      </input_file>
      <input_file id="fl-4">
         <path>.\</path>
         <kind>object</kind>
         <file>main.obj</file>
         <name>main.obj</name>
      </input_file>
      <input_file id="fl-5">
         <path>.\</path>
         <kind>object</kind>
         <file>port.obj</file>
         <name>port.obj</name>
      </input_file>
      <input_file id="fl-6">
         <path>.\</path>
         <kind>object</kind>
         <file>portasm.obj</file>
         <name>portasm.obj</name>
      </input_file>
      <input_file id="fl-7">
         <path>.\</path>
         <kind>object</kind>
         <file>queue.obj</file>
         <name>queue.obj</name>
      </input_file>
      <input_file id="fl-8">
         <path>.\</path>
         <kind>object</kind>
         <file>tasks.obj</file>
         <name>tasks.obj</name>
      </input_file>
      <input_file id="fl-9">
         <path>.\</path>
         <kind>object</kind>
         <file>tm4c123gh6pm_startup_ccs.obj</file>
         <name>tm4c123gh6pm_startup_ccs.obj</name>
      </input_file>
      <input_file id="fl-a">
         <path>.\Examples\</path>
         <kind>object</kind>
         <file>Example1.obj</file>
         <name>Example1.obj</name>
      </input_file>
      <input_file id="fl-b">
         <path>.\Examples\</path>
         <kind>object</kind>
         <file>Example2.obj</file>
         <name>Example2.obj</name>
      </input_file>
      <input_file id="fl-c">
         <path>.\Examples\</path>
         <kind>object</kind>
         <file>Example3.obj</file>
         <name>Example3.obj</name>
      </input_file>
      <input_file id="fl-d">
         <path>.\Examples\</path>
         <kind>object</kind>
         <file>Example4.obj</file>
         <name>Example4.obj</name>
      </input_file>
      <input_file id="fl-e">
         <path>.\Examples\</path>
         <kind>object</kind>
         <file>Example5.obj</file>
         <name>Example5.obj</name>
      </input_file>
      <input_file id="fl-f">
         <path>.\Examples\</path>
         <kind>object</kind>
         <file>Example6.obj</file>
         <name>Example6.obj</name>
      </input_file>
      <input_file id="fl-10">
         <path>.\Examples\</path>
         <kind>object</kind>
         <file>Example7.obj</file>
         <name>Example7.obj</name>
      </input_file>
      <input_file id="fl-11">
         <path>.\Examples\</path>
         <kind>object</kind>
         <file>Task.obj</file>
         <name>Task.obj</name>
      </input_file>
      <input_file id="fl-12">
         <path>.\Examples\</path>
         <kind>object</kind>
         <file>UARTs.obj</file>
         <name>UARTs.obj</name>
      </input_file>
      <input_file id="fl-17">
         <kind>object</kind>
         <file>&lt;internal&gt;</file>
         <name>&lt;internal&gt;</name>
      </input_file>
      <input_file id="fl-18">
         <path>C:\ti\TivaWare_C_Series-2.2.0.295\driverlib\ccs\Debug\</path>
         <kind>archive</kind>
         <file>driverlib.lib</file>
         <name>gpio.obj</name>
      </input_file>
      <input_file id="fl-19">
         <path>C:\ti\TivaWare_C_Series-2.2.0.295\driverlib\ccs\Debug\</path>
         <kind>archive</kind>
         <file>driverlib.lib</file>
         <name>interrupt.obj</name>
      </input_file>
      <input_file id="fl-1a">
         <path>C:\ti\TivaWare_C_Series-2.2.0.295\driverlib\ccs\Debug\</path>
         <kind>archive</kind>
         <file>driverlib.lib</file>
         <name>sysctl.obj</name>
      </input_file>
      <input_file id="fl-1b">
         <path>C:\ti\TivaWare_C_Series-2.2.0.295\driverlib\ccs\Debug\</path>
         <kind>archive</kind>
         <file>driverlib.lib</file>
         <name>uart.obj</name>
      </input_file>
      <input_file id="fl-1c">
         <path>C:\ti\TivaWare_C_Series-2.2.0.295\driverlib\ccs\Debug\</path>
         <kind>archive</kind>
         <file>driverlib.lib</file>
         <name>cpu.obj</name>
      </input_file>
      <input_file id="fl-d2">
         <path>C:\ti\ccs930\ccs\tools\compiler\ti-cgt-arm_18.12.4.LTS\lib\</path>
         <kind>archive</kind>
         <file>rtsv7M4_T_le_v4SPD16_eabi.lib</file>
         <name>memcpy_t2.asm.obj</name>
      </input_file>
      <input_file id="fl-d3">
         <path>C:\ti\ccs930\ccs\tools\compiler\ti-cgt-arm_18.12.4.LTS\lib\</path>
         <kind>archive</kind>
         <file>rtsv7M4_T_le_v4SPD16_eabi.lib</file>
         <name>memset_t2.asm.obj</name>
      </input_file>
      <input_file id="fl-d4">
         <path>C:\ti\ccs930\ccs\tools\compiler\ti-cgt-arm_18.12.4.LTS\lib\</path>
         <kind>archive</kind>
         <file>rtsv7M4_T_le_v4SPD16_eabi.lib</file>
         <name>copy_zero_init.c.obj</name>
      </input_file>
      <input_file id="fl-d5">
         <path>C:\ti\ccs930\ccs\tools\compiler\ti-cgt-arm_18.12.4.LTS\lib\</path>
         <kind>archive</kind>
         <file>rtsv7M4_T_le_v4SPD16_eabi.lib</file>
         <name>copy_decompress_none.c.obj</name>
      </input_file>
      <input_file id="fl-d6">
         <path>C:\ti\ccs930\ccs\tools\compiler\ti-cgt-arm_18.12.4.LTS\lib\</path>
         <kind>archive</kind>
         <file>rtsv7M4_T_le_v4SPD16_eabi.lib</file>
         <name>copy_decompress_lzss.c.obj</name>
      </input_file>
      <input_file id="fl-d7">
         <path>C:\ti\ccs930\ccs\tools\compiler\ti-cgt-arm_18.12.4.LTS\lib\</path>
         <kind>archive</kind>
         <file>rtsv7M4_T_le_v4SPD16_eabi.lib</file>
         <name>boot_cortex_m.c.obj</name>
      </input_file>
      <input_file id="fl-d8">
         <path>C:\ti\ccs930\ccs\tools\compiler\ti-cgt-arm_18.12.4.LTS\lib\</path>
         <kind>archive</kind>
         <file>rtsv7M4_T_le_v4SPD16_eabi.lib</file>
         <name>autoinit.c.obj</name>
      </input_file>
      <input_file id="fl-d9">
         <path>C:\ti\ccs930\ccs\tools\compiler\ti-cgt-arm_18.12.4.LTS\lib\</path>
         <kind>archive</kind>
         <file>rtsv7M4_T_le_v4SPD16_eabi.lib</file>
         <name>pre_init.c.obj</name>
      </input_file>
      <input_file id="fl-da">
         <path>C:\ti\ccs930\ccs\tools\compiler\ti-cgt-arm_18.12.4.LTS\lib\</path>
         <kind>archive</kind>
         <file>rtsv7M4_T_le_v4SPD16_eabi.lib</file>
         <name>cpy_tbl.c.obj</name>
      </input_file>
      <input_file id="fl-db">
         <path>C:\ti\ccs930\ccs\tools\compiler\ti-cgt-arm_18.12.4.LTS\lib\</path>
         <kind>archive</kind>
         <file>rtsv7M4_T_le_v4SPD16_eabi.lib</file>
         <name>exit.c.obj</name>
      </input_file>
      <input_file id="fl-dc">
         <path>C:\ti\ccs930\ccs\tools\compiler\ti-cgt-arm_18.12.4.LTS\lib\</path>
         <kind>archive</kind>
         <file>rtsv7M4_T_le_v4SPD16_eabi.lib</file>
         <name>_lock.c.obj</name>
      </input_file>
      <input_file id="fl-dd">
         <path>C:\ti\ccs930\ccs\tools\compiler\ti-cgt-arm_18.12.4.LTS\lib\</path>
         <kind>archive</kind>
         <file>rtsv7M4_T_le_v4SPD16_eabi.lib</file>
         <name>args_main.c.obj</name>
      </input_file>
   </input_file_list>
   <object_component_list>
      <object_component id="oc-f">
         <name>.intvecs</name>
         <load_address>0x0</load_address>
         <run_address>0x0</run_address>
         <size>0x26c</size>
         <input_file_ref idref="fl-9"/>
      </object_component>
      <object_component id="oc-7c">
         <name>.text</name>
         <load_address>0x26c</load_address>
         <run_address>0x26c</run_address>
         <size>0x2070</size>
         <input_file_ref idref="fl-8"/>
      </object_component>
      <object_component id="oc-1b5">
         <name>.text</name>
         <load_address>0x22dc</load_address>
         <run_address>0x22dc</run_address>
         <size>0xbe0</size>
         <input_file_ref idref="fl-7"/>
      </object_component>
      <object_component id="oc-12e">
         <name>.text</name>
         <load_address>0x2ebc</load_address>
         <run_address>0x2ebc</run_address>
         <size>0x30c</size>
         <input_file_ref idref="fl-11"/>
      </object_component>
      <object_component id="oc-db">
         <name>.text</name>
         <load_address>0x31c8</load_address>
         <run_address>0x31c8</run_address>
         <size>0x1d8</size>
         <input_file_ref idref="fl-2"/>
      </object_component>
      <object_component id="oc-2f">
         <name>.text</name>
         <load_address>0x33a0</load_address>
         <run_address>0x33a0</run_address>
         <size>0x1c4</size>
         <input_file_ref idref="fl-5"/>
      </object_component>
      <object_component id="oc-295">
         <name>.text:GPIOPadConfigSet</name>
         <load_address>0x3564</load_address>
         <run_address>0x3564</run_address>
         <size>0x16c</size>
         <input_file_ref idref="fl-18"/>
      </object_component>
      <object_component id="oc-e1">
         <name>.text</name>
         <load_address>0x36d0</load_address>
         <run_address>0x36d0</run_address>
         <size>0x12a</size>
         <input_file_ref idref="fl-3"/>
      </object_component>
      <object_component id="oc-231">
         <name>.text:SysCtlClockGet</name>
         <load_address>0x37fc</load_address>
         <run_address>0x37fc</run_address>
         <size>0x118</size>
         <input_file_ref idref="fl-1a"/>
      </object_component>
      <object_component id="oc-1cd">
         <name>.text</name>
         <load_address>0x3914</load_address>
         <run_address>0x3914</run_address>
         <size>0xf8</size>
         <input_file_ref idref="fl-12"/>
      </object_component>
      <object_component id="oc-219">
         <name>.text:SysCtlClockSet</name>
         <load_address>0x3a0c</load_address>
         <run_address>0x3a0c</run_address>
         <size>0xf4</size>
         <input_file_ref idref="fl-1a"/>
      </object_component>
      <object_component id="oc-2a">
         <name>.text</name>
         <load_address>0x3b00</load_address>
         <run_address>0x3b00</run_address>
         <size>0xda</size>
         <input_file_ref idref="fl-6"/>
      </object_component>
      <object_component id="oc-43">
         <name>.text</name>
         <load_address>0x3bda</load_address>
         <run_address>0x3bda</run_address>
         <size>0x9c</size>
         <input_file_ref idref="fl-d2"/>
      </object_component>
      <object_component id="oc-b3">
         <name>.text</name>
         <load_address>0x3c76</load_address>
         <run_address>0x3c76</run_address>
         <size>0x7a</size>
         <input_file_ref idref="fl-d3"/>
      </object_component>
      <object_component id="oc-12">
         <name>.text:decompress:lzss:__TI_decompress_lzss</name>
         <load_address>0x3cf0</load_address>
         <run_address>0x3cf0</run_address>
         <size>0x68</size>
         <input_file_ref idref="fl-d6"/>
      </object_component>
      <object_component id="oc-24f">
         <name>.text:GPIOPinConfigure</name>
         <load_address>0x3d58</load_address>
         <run_address>0x3d58</run_address>
         <size>0x4c</size>
         <input_file_ref idref="fl-18"/>
      </object_component>
      <object_component id="oc-237">
         <name>.text:UARTConfigSetExpClk</name>
         <load_address>0x3da4</load_address>
         <run_address>0x3da4</run_address>
         <size>0x46</size>
         <input_file_ref idref="fl-1b"/>
      </object_component>
      <object_component id="oc-141">
         <name>.text:__TI_auto_init_nobinit_nopinit:__TI_auto_init_nobinit_nopinit</name>
         <load_address>0x3dec</load_address>
         <run_address>0x3dec</run_address>
         <size>0x44</size>
         <input_file_ref idref="fl-d8"/>
      </object_component>
      <object_component id="oc-21f">
         <name>.text:SysCtlPeripheralEnable</name>
         <load_address>0x3e30</load_address>
         <run_address>0x3e30</run_address>
         <size>0x34</size>
         <input_file_ref idref="fl-1a"/>
      </object_component>
      <object_component id="oc-61">
         <name>.text:_c_int00_noargs:_c_int00_noargs</name>
         <load_address>0x3e64</load_address>
         <run_address>0x3e64</run_address>
         <size>0x34</size>
         <input_file_ref idref="fl-d7"/>
      </object_component>
      <object_component id="oc-29b">
         <name>.text:GPIODirModeSet</name>
         <load_address>0x3e98</load_address>
         <run_address>0x3e98</run_address>
         <size>0x2c</size>
         <input_file_ref idref="fl-18"/>
      </object_component>
      <object_component id="oc-22b">
         <name>.text:UARTDisable</name>
         <load_address>0x3ec4</load_address>
         <run_address>0x3ec4</run_address>
         <size>0x20</size>
         <input_file_ref idref="fl-1b"/>
      </object_component>
      <object_component id="oc-225">
         <name>.text:GPIOPinTypeGPIOOutput</name>
         <load_address>0x3ee4</load_address>
         <run_address>0x3ee4</run_address>
         <size>0x1a</size>
         <input_file_ref idref="fl-18"/>
      </object_component>
      <object_component id="oc-249">
         <name>.text:GPIOPinTypeUART</name>
         <load_address>0x3efe</load_address>
         <run_address>0x3efe</run_address>
         <size>0x16</size>
         <input_file_ref idref="fl-18"/>
      </object_component>
      <object_component id="oc-243">
         <name>.text:UARTEnable</name>
         <load_address>0x3f14</load_address>
         <run_address>0x3f14</run_address>
         <size>0x14</size>
         <input_file_ref idref="fl-1b"/>
      </object_component>
      <object_component id="oc-1c1">
         <name>.text:UARTCharGetNonBlocking</name>
         <load_address>0x3f28</load_address>
         <run_address>0x3f28</run_address>
         <size>0xe</size>
         <input_file_ref idref="fl-1b"/>
      </object_component>
      <object_component id="oc-1bb">
         <name>.text:UARTCharsAvail</name>
         <load_address>0x3f36</load_address>
         <run_address>0x3f36</run_address>
         <size>0xe</size>
         <input_file_ref idref="fl-1b"/>
      </object_component>
      <object_component id="oc-18">
         <name>.text:decompress:none:__TI_decompress_none</name>
         <load_address>0x3f44</load_address>
         <run_address>0x3f44</run_address>
         <size>0xe</size>
         <input_file_ref idref="fl-d5"/>
      </object_component>
      <object_component id="oc-55">
         <name>.text:decompress:ZI:__TI_zero_init</name>
         <load_address>0x3f52</load_address>
         <run_address>0x3f52</run_address>
         <size>0xc</size>
         <input_file_ref idref="fl-d4"/>
      </object_component>
      <object_component id="oc-24">
         <name>.text</name>
         <load_address>0x3f5e</load_address>
         <run_address>0x3f5e</run_address>
         <size>0xc</size>
         <input_file_ref idref="fl-9"/>
      </object_component>
      <object_component id="oc-1af">
         <name>.text:UARTCharPut</name>
         <load_address>0x3f6a</load_address>
         <run_address>0x3f6a</run_address>
         <size>0xa</size>
         <input_file_ref idref="fl-1b"/>
      </object_component>
      <object_component id="oc-bf">
         <name>.text</name>
         <load_address>0x3f74</load_address>
         <run_address>0x3f74</run_address>
         <size>0xa</size>
         <input_file_ref idref="fl-4"/>
      </object_component>
      <object_component id="oc-1c7">
         <name>.text:GPIOPinWrite</name>
         <load_address>0x3f7e</load_address>
         <run_address>0x3f7e</run_address>
         <size>0x6</size>
         <input_file_ref idref="fl-18"/>
      </object_component>
      <object_component id="oc-291">
         <name>.text:SysCtlDelay</name>
         <load_address>0x3f84</load_address>
         <run_address>0x3f84</run_address>
         <size>0x6</size>
         <input_file_ref idref="fl-1a"/>
      </object_component>
      <object_component id="oc-23d">
         <name>.text:UARTClockSourceSet</name>
         <load_address>0x3f8a</load_address>
         <run_address>0x3f8a</run_address>
         <size>0x6</size>
         <input_file_ref idref="fl-1b"/>
      </object_component>
      <object_component id="oc-b9">
         <name>.text:_system_pre_init</name>
         <load_address>0x3f90</load_address>
         <run_address>0x3f90</run_address>
         <size>0x4</size>
         <input_file_ref idref="fl-d9"/>
      </object_component>
      <object_component id="oc-135">
         <name>.text:abort:abort</name>
         <load_address>0x3f94</load_address>
         <run_address>0x3f94</run_address>
         <size>0x4</size>
         <input_file_ref idref="fl-db"/>
      </object_component>
      <object_component id="oc-2ab">
         <name>.const:g_pui32GPIOBaseAddrs</name>
         <load_address>0x3f98</load_address>
         <run_address>0x3f98</run_address>
         <size>0x90</size>
         <input_file_ref idref="fl-18"/>
      </object_component>
      <object_component id="oc-2a3">
         <name>.const:g_pui32Xtals</name>
         <load_address>0x4028</load_address>
         <run_address>0x4028</run_address>
         <size>0x6c</size>
         <input_file_ref idref="fl-1a"/>
      </object_component>
      <object_component id="oc-79">
         <name>.const</name>
         <load_address>0x4094</load_address>
         <run_address>0x4094</run_address>
         <size>0x8</size>
         <input_file_ref idref="fl-5"/>
      </object_component>
      <object_component id="oc-f6">
         <name>.const</name>
         <load_address>0x409c</load_address>
         <run_address>0x409c</run_address>
         <size>0x4</size>
         <input_file_ref idref="fl-8"/>
      </object_component>
      <object_component id="oc-2fe">
         <name>.cinit..data.load</name>
         <load_address>0x40a0</load_address>
         <run_address>0x40a0</run_address>
         <size>0x16</size>
      </object_component>
      <object_component id="oc-2fc">
         <name>__TI_handler_table</name>
         <load_address>0x40b8</load_address>
         <run_address>0x40b8</run_address>
         <size>0xc</size>
      </object_component>
      <object_component id="oc-2ff">
         <name>.cinit..bss.load</name>
         <load_address>0x40c8</load_address>
         <run_address>0x40c8</run_address>
         <size>0x8</size>
      </object_component>
      <object_component id="oc-2fd">
         <name>__TI_cinit_table</name>
         <load_address>0x40d0</load_address>
         <run_address>0x40d0</run_address>
         <size>0x10</size>
      </object_component>
      <object_component id="oc-189">
         <name>.data</name>
         <load_address>0x20005198</load_address>
         <run_address>0x20005198</run_address>
         <size>0x8</size>
         <input_file_ref idref="fl-2"/>
      </object_component>
      <object_component id="oc-83">
         <name>.data</name>
         <load_address>0x2000518c</load_address>
         <run_address>0x2000518c</run_address>
         <size>0xc</size>
         <input_file_ref idref="fl-5"/>
      </object_component>
      <object_component id="oc-76">
         <name>.data</name>
         <load_address>0x20005158</load_address>
         <run_address>0x20005158</run_address>
         <size>0x34</size>
         <input_file_ref idref="fl-8"/>
      </object_component>
      <object_component id="oc-1d6">
         <name>.data</name>
         <load_address>0x200051a0</load_address>
         <run_address>0x200051a0</run_address>
         <size>0x1</size>
         <input_file_ref idref="fl-11"/>
      </object_component>
      <object_component id="oc-192">
         <name>.bss:ucHeap</name>
         <uninitialized>true</uninitialized>
         <run_address>0x20000000</run_address>
         <size>0x4e20</size>
         <input_file_ref idref="fl-2"/>
      </object_component>
      <object_component id="oc-18c">
         <name>.bss:xStart</name>
         <uninitialized>true</uninitialized>
         <run_address>0x20004f48</run_address>
         <size>0x8</size>
         <input_file_ref idref="fl-2"/>
      </object_component>
      <object_component id="oc-18f">
         <name>.bss:xEnd</name>
         <uninitialized>true</uninitialized>
         <run_address>0x20004f40</run_address>
         <size>0x8</size>
         <input_file_ref idref="fl-2"/>
      </object_component>
      <object_component id="oc-e7">
         <name>.bss:pxReadyTasksLists</name>
         <uninitialized>true</uninitialized>
         <run_address>0x20004e20</run_address>
         <size>0x64</size>
         <input_file_ref idref="fl-8"/>
      </object_component>
      <object_component id="oc-f9">
         <name>.bss:xDelayedTaskList1</name>
         <uninitialized>true</uninitialized>
         <run_address>0x20004ed4</run_address>
         <size>0x14</size>
         <input_file_ref idref="fl-8"/>
      </object_component>
      <object_component id="oc-fc">
         <name>.bss:xDelayedTaskList2</name>
         <uninitialized>true</uninitialized>
         <run_address>0x20004ee8</run_address>
         <size>0x14</size>
         <input_file_ref idref="fl-8"/>
      </object_component>
      <object_component id="oc-ed">
         <name>.bss</name>
         <uninitialized>true</uninitialized>
         <run_address>0x20004f38</run_address>
         <size>0x8</size>
         <input_file_ref idref="fl-8"/>
      </object_component>
      <object_component id="oc-f3">
         <name>.bss:xPendingReadyList</name>
         <uninitialized>true</uninitialized>
         <run_address>0x20004efc</run_address>
         <size>0x14</size>
         <input_file_ref idref="fl-8"/>
      </object_component>
      <object_component id="oc-ea">
         <name>.bss:xTasksWaitingTermination</name>
         <uninitialized>true</uninitialized>
         <run_address>0x20004f24</run_address>
         <size>0x14</size>
         <input_file_ref idref="fl-8"/>
      </object_component>
      <object_component id="oc-f0">
         <name>.bss:xSuspendedTaskList</name>
         <uninitialized>true</uninitialized>
         <run_address>0x20004f10</run_address>
         <size>0x14</size>
         <input_file_ref idref="fl-8"/>
      </object_component>
      <object_component id="oc-20c">
         <name>.common:xQueueRegistry</name>
         <uninitialized>true</uninitialized>
         <run_address>0x20004e84</run_address>
         <size>0x50</size>
      </object_component>
      <object_component id="oc-1d9">
         <name>.common:Rec_Char</name>
         <uninitialized>true</uninitialized>
         <run_address>0x20004f54</run_address>
         <size>0x1</size>
      </object_component>
      <object_component id="oc-1d3">
         <name>.common:sem2</name>
         <uninitialized>true</uninitialized>
         <run_address>0x20004f50</run_address>
         <size>0x4</size>
      </object_component>
      <object_component id="oc-21">
         <name>.stack</name>
         <uninitialized>true</uninitialized>
         <run_address>0x20004f58</run_address>
         <size>0x4</size>
         <input_file_ref idref="fl-d7"/>
      </object_component>
      <object_component id="oc-300">
         <name>.stack</name>
         <uninitialized>true</uninitialized>
         <run_address>0x20004f58</run_address>
         <size>0x0</size>
      </object_component>
      <object_component id="oc-118">
         <name>.debug_info</name>
         <load_address>0x0</load_address>
         <run_address>0x0</run_address>
         <size>0x40f</size>
         <input_file_ref idref="fl-2"/>
      </object_component>
      <object_component id="oc-193">
         <name>.debug_info</name>
         <load_address>0x40f</load_address>
         <run_address>0x40f</run_address>
         <size>0xc5</size>
         <input_file_ref idref="fl-2"/>
      </object_component>
      <object_component id="oc-18d">
         <name>.debug_info</name>
         <load_address>0x4d4</load_address>
         <run_address>0x4d4</run_address>
         <size>0xc5</size>
         <input_file_ref idref="fl-2"/>
      </object_component>
      <object_component id="oc-190">
         <name>.debug_info</name>
         <load_address>0x599</load_address>
         <run_address>0x599</run_address>
         <size>0xc1</size>
         <input_file_ref idref="fl-2"/>
      </object_component>
      <object_component id="oc-18a">
         <name>.debug_info</name>
         <load_address>0x65a</load_address>
         <run_address>0x65a</run_address>
         <size>0xdf</size>
         <input_file_ref idref="fl-2"/>
      </object_component>
      <object_component id="oc-df">
         <name>.debug_info</name>
         <load_address>0x739</load_address>
         <run_address>0x739</run_address>
         <size>0x540</size>
         <input_file_ref idref="fl-2"/>
      </object_component>
      <object_component id="oc-109">
         <name>.debug_info</name>
         <load_address>0xc79</load_address>
         <run_address>0xc79</run_address>
         <size>0x315</size>
         <input_file_ref idref="fl-2"/>
      </object_component>
      <object_component id="oc-17a">
         <name>.debug_info</name>
         <load_address>0xf8e</load_address>
         <run_address>0xf8e</run_address>
         <size>0x110</size>
         <input_file_ref idref="fl-2"/>
      </object_component>
      <object_component id="oc-99">
         <name>.debug_info</name>
         <load_address>0x109e</load_address>
         <run_address>0x109e</run_address>
         <size>0x26b</size>
         <input_file_ref idref="fl-2"/>
      </object_component>
      <object_component id="oc-184">
         <name>.debug_info</name>
         <load_address>0x1309</load_address>
         <run_address>0x1309</run_address>
         <size>0x476</size>
         <input_file_ref idref="fl-2"/>
      </object_component>
      <object_component id="oc-1aa">
         <name>.debug_info</name>
         <load_address>0x177f</load_address>
         <run_address>0x177f</run_address>
         <size>0x62</size>
         <input_file_ref idref="fl-2"/>
      </object_component>
      <object_component id="oc-3e">
         <name>.debug_info</name>
         <load_address>0x17e1</load_address>
         <run_address>0x17e1</run_address>
         <size>0x84</size>
         <input_file_ref idref="fl-2"/>
      </object_component>
      <object_component id="oc-88">
         <name>.debug_info</name>
         <load_address>0x1865</load_address>
         <run_address>0x1865</run_address>
         <size>0x2c</size>
         <input_file_ref idref="fl-2"/>
      </object_component>
      <object_component id="oc-119">
         <name>.debug_info</name>
         <load_address>0x1891</load_address>
         <run_address>0x1891</run_address>
         <size>0x297</size>
         <input_file_ref idref="fl-2"/>
      </object_component>
      <object_component id="oc-2c8">
         <name>.debug_info</name>
         <load_address>0x1b28</load_address>
         <run_address>0x1b28</run_address>
         <size>0xef</size>
         <input_file_ref idref="fl-2"/>
      </object_component>
      <object_component id="oc-92">
         <name>.debug_info</name>
         <load_address>0x1c17</load_address>
         <run_address>0x1c17</run_address>
         <size>0xbb</size>
         <input_file_ref idref="fl-2"/>
      </object_component>
      <object_component id="oc-8d">
         <name>.debug_info</name>
         <load_address>0x1cd2</load_address>
         <run_address>0x1cd2</run_address>
         <size>0x53</size>
         <input_file_ref idref="fl-2"/>
      </object_component>
      <object_component id="oc-10e">
         <name>.debug_info</name>
         <load_address>0x1d25</load_address>
         <run_address>0x1d25</run_address>
         <size>0x14c</size>
         <input_file_ref idref="fl-2"/>
      </object_component>
      <object_component id="oc-197">
         <name>.debug_info</name>
         <load_address>0x1e71</load_address>
         <run_address>0x1e71</run_address>
         <size>0x37b</size>
         <input_file_ref idref="fl-3"/>
      </object_component>
      <object_component id="oc-e5">
         <name>.debug_info</name>
         <load_address>0x21ec</load_address>
         <run_address>0x21ec</run_address>
         <size>0x43d</size>
         <input_file_ref idref="fl-3"/>
      </object_component>
      <object_component id="oc-c1">
         <name>.debug_info</name>
         <load_address>0x2629</load_address>
         <run_address>0x2629</run_address>
         <size>0xf9</size>
         <input_file_ref idref="fl-4"/>
      </object_component>
      <object_component id="oc-87">
         <name>.debug_info</name>
         <load_address>0x2722</load_address>
         <run_address>0x2722</run_address>
         <size>0x44c</size>
         <input_file_ref idref="fl-5"/>
      </object_component>
      <object_component id="oc-7a">
         <name>.debug_info</name>
         <load_address>0x2b6e</load_address>
         <run_address>0x2b6e</run_address>
         <size>0x13a</size>
         <input_file_ref idref="fl-5"/>
      </object_component>
      <object_component id="oc-84">
         <name>.debug_info</name>
         <load_address>0x2ca8</load_address>
         <run_address>0x2ca8</run_address>
         <size>0x145</size>
         <input_file_ref idref="fl-5"/>
      </object_component>
      <object_component id="oc-30">
         <name>.debug_info</name>
         <load_address>0x2ded</load_address>
         <run_address>0x2ded</run_address>
         <size>0x625</size>
         <input_file_ref idref="fl-5"/>
      </object_component>
      <object_component id="oc-113">
         <name>.debug_info</name>
         <load_address>0x3412</load_address>
         <run_address>0x3412</run_address>
         <size>0x476</size>
         <input_file_ref idref="fl-5"/>
      </object_component>
      <object_component id="oc-104">
         <name>.debug_info</name>
         <load_address>0x3888</load_address>
         <run_address>0x3888</run_address>
         <size>0x53</size>
         <input_file_ref idref="fl-5"/>
      </object_component>
      <object_component id="oc-2c">
         <name>.debug_info</name>
         <load_address>0x38db</load_address>
         <run_address>0x38db</run_address>
         <size>0x227</size>
         <input_file_ref idref="fl-6"/>
      </object_component>
      <object_component id="oc-20d">
         <name>.debug_info</name>
         <load_address>0x3b02</load_address>
         <run_address>0x3b02</run_address>
         <size>0x71c</size>
         <input_file_ref idref="fl-7"/>
      </object_component>
      <object_component id="oc-1b6">
         <name>.debug_info</name>
         <load_address>0x421e</load_address>
         <run_address>0x421e</run_address>
         <size>0x2af5</size>
         <input_file_ref idref="fl-7"/>
      </object_component>
      <object_component id="oc-28a">
         <name>.debug_info</name>
         <load_address>0x6d13</load_address>
         <run_address>0x6d13</run_address>
         <size>0x23f</size>
         <input_file_ref idref="fl-7"/>
      </object_component>
      <object_component id="oc-210">
         <name>.debug_info</name>
         <load_address>0x6f52</load_address>
         <run_address>0x6f52</run_address>
         <size>0x46</size>
         <input_file_ref idref="fl-7"/>
      </object_component>
      <object_component id="oc-d3">
         <name>.debug_info</name>
         <load_address>0x6f98</load_address>
         <run_address>0x6f98</run_address>
         <size>0x7b6</size>
         <input_file_ref idref="fl-8"/>
      </object_component>
      <object_component id="oc-77">
         <name>.debug_info</name>
         <load_address>0x774e</load_address>
         <run_address>0x774e</run_address>
         <size>0x332</size>
         <input_file_ref idref="fl-8"/>
      </object_component>
      <object_component id="oc-e8">
         <name>.debug_info</name>
         <load_address>0x7a80</load_address>
         <run_address>0x7a80</run_address>
         <size>0xdb</size>
         <input_file_ref idref="fl-8"/>
      </object_component>
      <object_component id="oc-fa">
         <name>.debug_info</name>
         <load_address>0x7b5b</load_address>
         <run_address>0x7b5b</run_address>
         <size>0xdb</size>
         <input_file_ref idref="fl-8"/>
      </object_component>
      <object_component id="oc-fd">
         <name>.debug_info</name>
         <load_address>0x7c36</load_address>
         <run_address>0x7c36</run_address>
         <size>0xdb</size>
         <input_file_ref idref="fl-8"/>
      </object_component>
      <object_component id="oc-ee">
         <name>.debug_info</name>
         <load_address>0x7d11</load_address>
         <run_address>0x7d11</run_address>
         <size>0x11e</size>
         <input_file_ref idref="fl-8"/>
      </object_component>
      <object_component id="oc-f4">
         <name>.debug_info</name>
         <load_address>0x7e2f</load_address>
         <run_address>0x7e2f</run_address>
         <size>0xdb</size>
         <input_file_ref idref="fl-8"/>
      </object_component>
      <object_component id="oc-eb">
         <name>.debug_info</name>
         <load_address>0x7f0a</load_address>
         <run_address>0x7f0a</run_address>
         <size>0xe9</size>
         <input_file_ref idref="fl-8"/>
      </object_component>
      <object_component id="oc-f1">
         <name>.debug_info</name>
         <load_address>0x7ff3</load_address>
         <run_address>0x7ff3</run_address>
         <size>0xdd</size>
         <input_file_ref idref="fl-8"/>
      </object_component>
      <object_component id="oc-f7">
         <name>.debug_info</name>
         <load_address>0x80d0</load_address>
         <run_address>0x80d0</run_address>
         <size>0xdc</size>
         <input_file_ref idref="fl-8"/>
      </object_component>
      <object_component id="oc-7d">
         <name>.debug_info</name>
         <load_address>0x81ac</load_address>
         <run_address>0x81ac</run_address>
         <size>0x4f4a</size>
         <input_file_ref idref="fl-8"/>
      </object_component>
      <object_component id="oc-d4">
         <name>.debug_info</name>
         <load_address>0xd0f6</load_address>
         <run_address>0xd0f6</run_address>
         <size>0x30c</size>
         <input_file_ref idref="fl-8"/>
      </object_component>
      <object_component id="oc-175">
         <name>.debug_info</name>
         <load_address>0xd402</load_address>
         <run_address>0xd402</run_address>
         <size>0x4f</size>
         <input_file_ref idref="fl-8"/>
      </object_component>
      <object_component id="oc-17f">
         <name>.debug_info</name>
         <load_address>0xd451</load_address>
         <run_address>0xd451</run_address>
         <size>0x146</size>
         <input_file_ref idref="fl-8"/>
      </object_component>
      <object_component id="oc-37">
         <name>.debug_info</name>
         <load_address>0xd597</load_address>
         <run_address>0xd597</run_address>
         <size>0x325</size>
         <input_file_ref idref="fl-9"/>
      </object_component>
      <object_component id="oc-10">
         <name>.debug_info</name>
         <load_address>0xd8bc</load_address>
         <run_address>0xd8bc</run_address>
         <size>0xe4</size>
         <input_file_ref idref="fl-9"/>
      </object_component>
      <object_component id="oc-25">
         <name>.debug_info</name>
         <load_address>0xd9a0</load_address>
         <run_address>0xd9a0</run_address>
         <size>0x260</size>
         <input_file_ref idref="fl-9"/>
      </object_component>
      <object_component id="oc-2b1">
         <name>.debug_info</name>
         <load_address>0xdc00</load_address>
         <run_address>0xdc00</run_address>
         <size>0x710</size>
         <input_file_ref idref="fl-e"/>
      </object_component>
      <object_component id="oc-259">
         <name>.debug_info</name>
         <load_address>0xe310</load_address>
         <run_address>0xe310</run_address>
         <size>0x4f</size>
         <input_file_ref idref="fl-e"/>
      </object_component>
      <object_component id="oc-25e">
         <name>.debug_info</name>
         <load_address>0xe35f</load_address>
         <run_address>0xe35f</run_address>
         <size>0x2c</size>
         <input_file_ref idref="fl-f"/>
      </object_component>
      <object_component id="oc-1d4">
         <name>.debug_info</name>
         <load_address>0xe38b</load_address>
         <run_address>0xe38b</run_address>
         <size>0x795</size>
         <input_file_ref idref="fl-11"/>
      </object_component>
      <object_component id="oc-1d7">
         <name>.debug_info</name>
         <load_address>0xeb20</load_address>
         <run_address>0xeb20</run_address>
         <size>0xcf</size>
         <input_file_ref idref="fl-11"/>
      </object_component>
      <object_component id="oc-131">
         <name>.debug_info</name>
         <load_address>0xebef</load_address>
         <run_address>0xebef</run_address>
         <size>0x9fb</size>
         <input_file_ref idref="fl-11"/>
      </object_component>
      <object_component id="oc-1db">
         <name>.debug_info</name>
         <load_address>0xf5ea</load_address>
         <run_address>0xf5ea</run_address>
         <size>0x8b</size>
         <input_file_ref idref="fl-11"/>
      </object_component>
      <object_component id="oc-256">
         <name>.debug_info</name>
         <load_address>0xf675</load_address>
         <run_address>0xf675</run_address>
         <size>0x4a4</size>
         <input_file_ref idref="fl-12"/>
      </object_component>
      <object_component id="oc-1d1">
         <name>.debug_info</name>
         <load_address>0xfb19</load_address>
         <run_address>0xfb19</run_address>
         <size>0x488</size>
         <input_file_ref idref="fl-12"/>
      </object_component>
      <object_component id="oc-218">
         <name>.debug_info</name>
         <load_address>0xffa1</load_address>
         <run_address>0xffa1</run_address>
         <size>0x3e4</size>
         <input_file_ref idref="fl-18"/>
      </object_component>
      <object_component id="oc-2ac">
         <name>.debug_info</name>
         <load_address>0x10385</load_address>
         <run_address>0x10385</run_address>
         <size>0x164</size>
         <input_file_ref idref="fl-18"/>
      </object_component>
      <object_component id="oc-1ca">
         <name>.debug_info</name>
         <load_address>0x104e9</load_address>
         <run_address>0x104e9</run_address>
         <size>0x2ac</size>
         <input_file_ref idref="fl-18"/>
      </object_component>
      <object_component id="oc-29e">
         <name>.debug_info</name>
         <load_address>0x10795</load_address>
         <run_address>0x10795</run_address>
         <size>0x2bc</size>
         <input_file_ref idref="fl-18"/>
      </object_component>
      <object_component id="oc-298">
         <name>.debug_info</name>
         <load_address>0x10a51</load_address>
         <run_address>0x10a51</run_address>
         <size>0x31f</size>
         <input_file_ref idref="fl-18"/>
      </object_component>
      <object_component id="oc-24c">
         <name>.debug_info</name>
         <load_address>0x10d70</load_address>
         <run_address>0x10d70</run_address>
         <size>0x29b</size>
         <input_file_ref idref="fl-18"/>
      </object_component>
      <object_component id="oc-228">
         <name>.debug_info</name>
         <load_address>0x1100b</load_address>
         <run_address>0x1100b</run_address>
         <size>0x2c0</size>
         <input_file_ref idref="fl-18"/>
      </object_component>
      <object_component id="oc-252">
         <name>.debug_info</name>
         <load_address>0x112cb</load_address>
         <run_address>0x112cb</run_address>
         <size>0x289</size>
         <input_file_ref idref="fl-18"/>
      </object_component>
      <object_component id="oc-293">
         <name>.debug_info</name>
         <load_address>0x11554</load_address>
         <run_address>0x11554</run_address>
         <size>0x441</size>
         <input_file_ref idref="fl-1a"/>
      </object_component>
      <object_component id="oc-2a4">
         <name>.debug_info</name>
         <load_address>0x11995</load_address>
         <run_address>0x11995</run_address>
         <size>0x156</size>
         <input_file_ref idref="fl-1a"/>
      </object_component>
      <object_component id="oc-222">
         <name>.debug_info</name>
         <load_address>0x11aeb</load_address>
         <run_address>0x11aeb</run_address>
         <size>0x286</size>
         <input_file_ref idref="fl-1a"/>
      </object_component>
      <object_component id="oc-21c">
         <name>.debug_info</name>
         <load_address>0x11d71</load_address>
         <run_address>0x11d71</run_address>
         <size>0x2e4</size>
         <input_file_ref idref="fl-1a"/>
      </object_component>
      <object_component id="oc-233">
         <name>.debug_info</name>
         <load_address>0x12055</load_address>
         <run_address>0x12055</run_address>
         <size>0x2be</size>
         <input_file_ref idref="fl-1a"/>
      </object_component>
      <object_component id="oc-2c4">
         <name>.debug_info</name>
         <load_address>0x12313</load_address>
         <run_address>0x12313</run_address>
         <size>0x51</size>
         <input_file_ref idref="fl-1a"/>
      </object_component>
      <object_component id="oc-20b">
         <name>.debug_info</name>
         <load_address>0x12364</load_address>
         <run_address>0x12364</run_address>
         <size>0x3cb</size>
         <input_file_ref idref="fl-1b"/>
      </object_component>
      <object_component id="oc-244">
         <name>.debug_info</name>
         <load_address>0x1272f</load_address>
         <run_address>0x1272f</run_address>
         <size>0x250</size>
         <input_file_ref idref="fl-1b"/>
      </object_component>
      <object_component id="oc-22c">
         <name>.debug_info</name>
         <load_address>0x1297f</load_address>
         <run_address>0x1297f</run_address>
         <size>0x252</size>
         <input_file_ref idref="fl-1b"/>
      </object_component>
      <object_component id="oc-238">
         <name>.debug_info</name>
         <load_address>0x12bd1</load_address>
         <run_address>0x12bd1</run_address>
         <size>0x32f</size>
         <input_file_ref idref="fl-1b"/>
      </object_component>
      <object_component id="oc-23e">
         <name>.debug_info</name>
         <load_address>0x12f00</load_address>
         <run_address>0x12f00</run_address>
         <size>0x29a</size>
         <input_file_ref idref="fl-1b"/>
      </object_component>
      <object_component id="oc-1bc">
         <name>.debug_info</name>
         <load_address>0x1319a</load_address>
         <run_address>0x1319a</run_address>
         <size>0x25c</size>
         <input_file_ref idref="fl-1b"/>
      </object_component>
      <object_component id="oc-1b0">
         <name>.debug_info</name>
         <load_address>0x133f6</load_address>
         <run_address>0x133f6</run_address>
         <size>0x27c</size>
         <input_file_ref idref="fl-1b"/>
      </object_component>
      <object_component id="oc-1c2">
         <name>.debug_info</name>
         <load_address>0x13672</load_address>
         <run_address>0x13672</run_address>
         <size>0x26c</size>
         <input_file_ref idref="fl-1b"/>
      </object_component>
      <object_component id="oc-44">
         <name>.debug_info</name>
         <load_address>0x138de</load_address>
         <run_address>0x138de</run_address>
         <size>0x118</size>
         <input_file_ref idref="fl-d2"/>
      </object_component>
      <object_component id="oc-b6">
         <name>.debug_info</name>
         <load_address>0x139f6</load_address>
         <run_address>0x139f6</run_address>
         <size>0x146</size>
         <input_file_ref idref="fl-d3"/>
      </object_component>
      <object_component id="oc-b2">
         <name>.debug_info</name>
         <load_address>0x13b3c</load_address>
         <run_address>0x13b3c</run_address>
         <size>0x2d3</size>
         <input_file_ref idref="fl-d4"/>
      </object_component>
      <object_component id="oc-56">
         <name>.debug_info</name>
         <load_address>0x13e0f</load_address>
         <run_address>0x13e0f</run_address>
         <size>0x1b4</size>
         <input_file_ref idref="fl-d4"/>
      </object_component>
      <object_component id="oc-ad">
         <name>.debug_info</name>
         <load_address>0x13fc3</load_address>
         <run_address>0x13fc3</run_address>
         <size>0x46</size>
         <input_file_ref idref="fl-d4"/>
      </object_component>
      <object_component id="oc-125">
         <name>.debug_info</name>
         <load_address>0x14009</load_address>
         <run_address>0x14009</run_address>
         <size>0x2c</size>
         <input_file_ref idref="fl-d4"/>
      </object_component>
      <object_component id="oc-4e">
         <name>.debug_info</name>
         <load_address>0x14035</load_address>
         <run_address>0x14035</run_address>
         <size>0x2a7</size>
         <input_file_ref idref="fl-d5"/>
      </object_component>
      <object_component id="oc-1a">
         <name>.debug_info</name>
         <load_address>0x142dc</load_address>
         <run_address>0x142dc</run_address>
         <size>0x1e9</size>
         <input_file_ref idref="fl-d5"/>
      </object_component>
      <object_component id="oc-49">
         <name>.debug_info</name>
         <load_address>0x144c5</load_address>
         <run_address>0x144c5</run_address>
         <size>0x46</size>
         <input_file_ref idref="fl-d5"/>
      </object_component>
      <object_component id="oc-a5">
         <name>.debug_info</name>
         <load_address>0x1450b</load_address>
         <run_address>0x1450b</run_address>
         <size>0x2c</size>
         <input_file_ref idref="fl-d5"/>
      </object_component>
      <object_component id="oc-a3">
         <name>.debug_info</name>
         <load_address>0x14537</load_address>
         <run_address>0x14537</run_address>
         <size>0x29d</size>
         <input_file_ref idref="fl-d6"/>
      </object_component>
      <object_component id="oc-13">
         <name>.debug_info</name>
         <load_address>0x147d4</load_address>
         <run_address>0x147d4</run_address>
         <size>0x24f</size>
         <input_file_ref idref="fl-d6"/>
      </object_component>
      <object_component id="oc-39">
         <name>.debug_info</name>
         <load_address>0x14a23</load_address>
         <run_address>0x14a23</run_address>
         <size>0x60</size>
         <input_file_ref idref="fl-d6"/>
      </object_component>
      <object_component id="oc-11e">
         <name>.debug_info</name>
         <load_address>0x14a83</load_address>
         <run_address>0x14a83</run_address>
         <size>0x46</size>
         <input_file_ref idref="fl-d6"/>
      </object_component>
      <object_component id="oc-9e">
         <name>.debug_info</name>
         <load_address>0x14ac9</load_address>
         <run_address>0x14ac9</run_address>
         <size>0x39</size>
         <input_file_ref idref="fl-d6"/>
      </object_component>
      <object_component id="oc-22">
         <name>.debug_info</name>
         <load_address>0x14b02</load_address>
         <run_address>0x14b02</run_address>
         <size>0x10a</size>
         <input_file_ref idref="fl-d7"/>
      </object_component>
      <object_component id="oc-65">
         <name>.debug_info</name>
         <load_address>0x14c0c</load_address>
         <run_address>0x14c0c</run_address>
         <size>0x1a8</size>
         <input_file_ref idref="fl-d7"/>
      </object_component>
      <object_component id="oc-1eb">
         <name>.debug_info</name>
         <load_address>0x14db4</load_address>
         <run_address>0x14db4</run_address>
         <size>0x4b2</size>
         <input_file_ref idref="fl-d8"/>
      </object_component>
      <object_component id="oc-145">
         <name>.debug_info</name>
         <load_address>0x15266</load_address>
         <run_address>0x15266</run_address>
         <size>0x1a5</size>
         <input_file_ref idref="fl-d8"/>
      </object_component>
      <object_component id="oc-275">
         <name>.debug_info</name>
         <load_address>0x1540b</load_address>
         <run_address>0x1540b</run_address>
         <size>0x39</size>
         <input_file_ref idref="fl-d8"/>
      </object_component>
      <object_component id="oc-2b6">
         <name>.debug_info</name>
         <load_address>0x15444</load_address>
         <run_address>0x15444</run_address>
         <size>0x39</size>
         <input_file_ref idref="fl-d8"/>
      </object_component>
      <object_component id="oc-27a">
         <name>.debug_info</name>
         <load_address>0x1547d</load_address>
         <run_address>0x1547d</run_address>
         <size>0x39</size>
         <input_file_ref idref="fl-d8"/>
      </object_component>
      <object_component id="oc-27f">
         <name>.debug_info</name>
         <load_address>0x154b6</load_address>
         <run_address>0x154b6</run_address>
         <size>0xcd</size>
         <input_file_ref idref="fl-d8"/>
      </object_component>
      <object_component id="oc-bc">
         <name>.debug_info</name>
         <load_address>0x15583</load_address>
         <run_address>0x15583</run_address>
         <size>0x152</size>
         <input_file_ref idref="fl-d9"/>
      </object_component>
      <object_component id="oc-137">
         <name>.debug_info</name>
         <load_address>0x156d5</load_address>
         <run_address>0x156d5</run_address>
         <size>0x121</size>
         <input_file_ref idref="fl-db"/>
      </object_component>
      <object_component id="oc-301">
         <name>.debug_info</name>
         <load_address>0x157f6</load_address>
         <run_address>0x157f6</run_address>
         <size>0x97</size>
      </object_component>
      <object_component id="oc-1a9">
         <name>.debug_line</name>
         <load_address>0x0</load_address>
         <run_address>0x0</run_address>
         <size>0x2d</size>
         <input_file_ref idref="fl-2"/>
      </object_component>
      <object_component id="oc-207">
         <name>.debug_line</name>
         <load_address>0x2d</load_address>
         <run_address>0x2d</run_address>
         <size>0x2f</size>
         <input_file_ref idref="fl-2"/>
      </object_component>
      <object_component id="oc-203">
         <name>.debug_line</name>
         <load_address>0x5c</load_address>
         <run_address>0x5c</run_address>
         <size>0x2f</size>
         <input_file_ref idref="fl-2"/>
      </object_component>
      <object_component id="oc-205">
         <name>.debug_line</name>
         <load_address>0x8b</load_address>
         <run_address>0x8b</run_address>
         <size>0x2f</size>
         <input_file_ref idref="fl-2"/>
      </object_component>
      <object_component id="oc-201">
         <name>.debug_line</name>
         <load_address>0xba</load_address>
         <run_address>0xba</run_address>
         <size>0x2f</size>
         <input_file_ref idref="fl-2"/>
      </object_component>
      <object_component id="oc-de">
         <name>.debug_line</name>
         <load_address>0xe9</load_address>
         <run_address>0xe9</run_address>
         <size>0x10e</size>
         <input_file_ref idref="fl-2"/>
      </object_component>
      <object_component id="oc-10c">
         <name>.debug_line</name>
         <load_address>0x1f7</load_address>
         <run_address>0x1f7</run_address>
         <size>0x2d</size>
         <input_file_ref idref="fl-2"/>
      </object_component>
      <object_component id="oc-17d">
         <name>.debug_line</name>
         <load_address>0x224</load_address>
         <run_address>0x224</run_address>
         <size>0x6b</size>
         <input_file_ref idref="fl-2"/>
      </object_component>
      <object_component id="oc-9c">
         <name>.debug_line</name>
         <load_address>0x28f</load_address>
         <run_address>0x28f</run_address>
         <size>0x6f</size>
         <input_file_ref idref="fl-2"/>
      </object_component>
      <object_component id="oc-187">
         <name>.debug_line</name>
         <load_address>0x2fe</load_address>
         <run_address>0x2fe</run_address>
         <size>0x31</size>
         <input_file_ref idref="fl-2"/>
      </object_component>
      <object_component id="oc-1ad">
         <name>.debug_line</name>
         <load_address>0x32f</load_address>
         <run_address>0x32f</run_address>
         <size>0x2f</size>
         <input_file_ref idref="fl-2"/>
      </object_component>
      <object_component id="oc-41">
         <name>.debug_line</name>
         <load_address>0x35e</load_address>
         <run_address>0x35e</run_address>
         <size>0x20</size>
         <input_file_ref idref="fl-2"/>
      </object_component>
      <object_component id="oc-8b">
         <name>.debug_line</name>
         <load_address>0x37e</load_address>
         <run_address>0x37e</run_address>
         <size>0x31</size>
         <input_file_ref idref="fl-2"/>
      </object_component>
      <object_component id="oc-11c">
         <name>.debug_line</name>
         <load_address>0x3af</load_address>
         <run_address>0x3af</run_address>
         <size>0x73</size>
         <input_file_ref idref="fl-2"/>
      </object_component>
      <object_component id="oc-2cb">
         <name>.debug_line</name>
         <load_address>0x422</load_address>
         <run_address>0x422</run_address>
         <size>0x6f</size>
         <input_file_ref idref="fl-2"/>
      </object_component>
      <object_component id="oc-95">
         <name>.debug_line</name>
         <load_address>0x491</load_address>
         <run_address>0x491</run_address>
         <size>0x70</size>
         <input_file_ref idref="fl-2"/>
      </object_component>
      <object_component id="oc-90">
         <name>.debug_line</name>
         <load_address>0x501</load_address>
         <run_address>0x501</run_address>
         <size>0x32</size>
         <input_file_ref idref="fl-2"/>
      </object_component>
      <object_component id="oc-111">
         <name>.debug_line</name>
         <load_address>0x533</load_address>
         <run_address>0x533</run_address>
         <size>0x2d</size>
         <input_file_ref idref="fl-2"/>
      </object_component>
      <object_component id="oc-209">
         <name>.debug_line</name>
         <load_address>0x560</load_address>
         <run_address>0x560</run_address>
         <size>0x20</size>
         <input_file_ref idref="fl-3"/>
      </object_component>
      <object_component id="oc-e4">
         <name>.debug_line</name>
         <load_address>0x580</load_address>
         <run_address>0x580</run_address>
         <size>0xe4</size>
         <input_file_ref idref="fl-3"/>
      </object_component>
      <object_component id="oc-c4">
         <name>.debug_line</name>
         <load_address>0x664</load_address>
         <run_address>0x664</run_address>
         <size>0x43</size>
         <input_file_ref idref="fl-4"/>
      </object_component>
      <object_component id="oc-103">
         <name>.debug_line</name>
         <load_address>0x6a7</load_address>
         <run_address>0x6a7</run_address>
         <size>0x3a</size>
         <input_file_ref idref="fl-5"/>
      </object_component>
      <object_component id="oc-da">
         <name>.debug_line</name>
         <load_address>0x6e1</load_address>
         <run_address>0x6e1</run_address>
         <size>0x2d</size>
         <input_file_ref idref="fl-5"/>
      </object_component>
      <object_component id="oc-101">
         <name>.debug_line</name>
         <load_address>0x70e</load_address>
         <run_address>0x70e</run_address>
         <size>0x2d</size>
         <input_file_ref idref="fl-5"/>
      </object_component>
      <object_component id="oc-33">
         <name>.debug_line</name>
         <load_address>0x73b</load_address>
         <run_address>0x73b</run_address>
         <size>0x160</size>
         <input_file_ref idref="fl-5"/>
      </object_component>
      <object_component id="oc-116">
         <name>.debug_line</name>
         <load_address>0x89b</load_address>
         <run_address>0x89b</run_address>
         <size>0x31</size>
         <input_file_ref idref="fl-5"/>
      </object_component>
      <object_component id="oc-107">
         <name>.debug_line</name>
         <load_address>0x8cc</load_address>
         <run_address>0x8cc</run_address>
         <size>0x6b</size>
         <input_file_ref idref="fl-5"/>
      </object_component>
      <object_component id="oc-2b">
         <name>.debug_line</name>
         <load_address>0x937</load_address>
         <run_address>0x937</run_address>
         <size>0xc2</size>
         <input_file_ref idref="fl-6"/>
      </object_component>
      <object_component id="oc-289">
         <name>.debug_line</name>
         <load_address>0x9f9</load_address>
         <run_address>0x9f9</run_address>
         <size>0x6b</size>
         <input_file_ref idref="fl-7"/>
      </object_component>
      <object_component id="oc-1ba">
         <name>.debug_line</name>
         <load_address>0xa64</load_address>
         <run_address>0xa64</run_address>
         <size>0x7b0</size>
         <input_file_ref idref="fl-7"/>
      </object_component>
      <object_component id="oc-28d">
         <name>.debug_line</name>
         <load_address>0x1214</load_address>
         <run_address>0x1214</run_address>
         <size>0x2e</size>
         <input_file_ref idref="fl-7"/>
      </object_component>
      <object_component id="oc-213">
         <name>.debug_line</name>
         <load_address>0x1242</load_address>
         <run_address>0x1242</run_address>
         <size>0x2e</size>
         <input_file_ref idref="fl-7"/>
      </object_component>
      <object_component id="oc-174">
         <name>.debug_line</name>
         <load_address>0x1270</load_address>
         <run_address>0x1270</run_address>
         <size>0x9b</size>
         <input_file_ref idref="fl-8"/>
      </object_component>
      <object_component id="oc-d2">
         <name>.debug_line</name>
         <load_address>0x130b</load_address>
         <run_address>0x130b</run_address>
         <size>0x2e</size>
         <input_file_ref idref="fl-8"/>
      </object_component>
      <object_component id="oc-199">
         <name>.debug_line</name>
         <load_address>0x1339</load_address>
         <run_address>0x1339</run_address>
         <size>0x2e</size>
         <input_file_ref idref="fl-8"/>
      </object_component>
      <object_component id="oc-1a5">
         <name>.debug_line</name>
         <load_address>0x1367</load_address>
         <run_address>0x1367</run_address>
         <size>0x2e</size>
         <input_file_ref idref="fl-8"/>
      </object_component>
      <object_component id="oc-1a7">
         <name>.debug_line</name>
         <load_address>0x1395</load_address>
         <run_address>0x1395</run_address>
         <size>0x2e</size>
         <input_file_ref idref="fl-8"/>
      </object_component>
      <object_component id="oc-19d">
         <name>.debug_line</name>
         <load_address>0x13c3</load_address>
         <run_address>0x13c3</run_address>
         <size>0x2e</size>
         <input_file_ref idref="fl-8"/>
      </object_component>
      <object_component id="oc-1a1">
         <name>.debug_line</name>
         <load_address>0x13f1</load_address>
         <run_address>0x13f1</run_address>
         <size>0x2e</size>
         <input_file_ref idref="fl-8"/>
      </object_component>
      <object_component id="oc-19b">
         <name>.debug_line</name>
         <load_address>0x141f</load_address>
         <run_address>0x141f</run_address>
         <size>0x2e</size>
         <input_file_ref idref="fl-8"/>
      </object_component>
      <object_component id="oc-19f">
         <name>.debug_line</name>
         <load_address>0x144d</load_address>
         <run_address>0x144d</run_address>
         <size>0x2e</size>
         <input_file_ref idref="fl-8"/>
      </object_component>
      <object_component id="oc-1a3">
         <name>.debug_line</name>
         <load_address>0x147b</load_address>
         <run_address>0x147b</run_address>
         <size>0x2e</size>
         <input_file_ref idref="fl-8"/>
      </object_component>
      <object_component id="oc-80">
         <name>.debug_line</name>
         <load_address>0x14a9</load_address>
         <run_address>0x14a9</run_address>
         <size>0xe2d</size>
         <input_file_ref idref="fl-8"/>
      </object_component>
      <object_component id="oc-d7">
         <name>.debug_line</name>
         <load_address>0x22d6</load_address>
         <run_address>0x22d6</run_address>
         <size>0x2d</size>
         <input_file_ref idref="fl-8"/>
      </object_component>
      <object_component id="oc-178">
         <name>.debug_line</name>
         <load_address>0x2303</load_address>
         <run_address>0x2303</run_address>
         <size>0x2f</size>
         <input_file_ref idref="fl-8"/>
      </object_component>
      <object_component id="oc-182">
         <name>.debug_line</name>
         <load_address>0x2332</load_address>
         <run_address>0x2332</run_address>
         <size>0x2e</size>
         <input_file_ref idref="fl-8"/>
      </object_component>
      <object_component id="oc-98">
         <name>.debug_line</name>
         <load_address>0x2360</load_address>
         <run_address>0x2360</run_address>
         <size>0x41</size>
         <input_file_ref idref="fl-9"/>
      </object_component>
      <object_component id="oc-36">
         <name>.debug_line</name>
         <load_address>0x23a1</load_address>
         <run_address>0x23a1</run_address>
         <size>0x41</size>
         <input_file_ref idref="fl-9"/>
      </object_component>
      <object_component id="oc-29">
         <name>.debug_line</name>
         <load_address>0x23e2</load_address>
         <run_address>0x23e2</run_address>
         <size>0xa1</size>
         <input_file_ref idref="fl-9"/>
      </object_component>
      <object_component id="oc-2d4">
         <name>.debug_line</name>
         <load_address>0x2483</load_address>
         <run_address>0x2483</run_address>
         <size>0x118</size>
         <input_file_ref idref="fl-e"/>
      </object_component>
      <object_component id="oc-25c">
         <name>.debug_line</name>
         <load_address>0x259b</load_address>
         <run_address>0x259b</run_address>
         <size>0x4d</size>
         <input_file_ref idref="fl-e"/>
      </object_component>
      <object_component id="oc-261">
         <name>.debug_line</name>
         <load_address>0x25e8</load_address>
         <run_address>0x25e8</run_address>
         <size>0x4e</size>
         <input_file_ref idref="fl-f"/>
      </object_component>
      <object_component id="oc-258">
         <name>.debug_line</name>
         <load_address>0x2636</load_address>
         <run_address>0x2636</run_address>
         <size>0x142</size>
         <input_file_ref idref="fl-11"/>
      </object_component>
      <object_component id="oc-264">
         <name>.debug_line</name>
         <load_address>0x2778</load_address>
         <run_address>0x2778</run_address>
         <size>0x36</size>
         <input_file_ref idref="fl-11"/>
      </object_component>
      <object_component id="oc-130">
         <name>.debug_line</name>
         <load_address>0x27ae</load_address>
         <run_address>0x27ae</run_address>
         <size>0x15e</size>
         <input_file_ref idref="fl-11"/>
      </object_component>
      <object_component id="oc-1de">
         <name>.debug_line</name>
         <load_address>0x290c</load_address>
         <run_address>0x290c</run_address>
         <size>0x20</size>
         <input_file_ref idref="fl-11"/>
      </object_component>
      <object_component id="oc-2b0">
         <name>.debug_line</name>
         <load_address>0x292c</load_address>
         <run_address>0x292c</run_address>
         <size>0xc4</size>
         <input_file_ref idref="fl-12"/>
      </object_component>
      <object_component id="oc-1ce">
         <name>.debug_line</name>
         <load_address>0x29f0</load_address>
         <run_address>0x29f0</run_address>
         <size>0xdb</size>
         <input_file_ref idref="fl-12"/>
      </object_component>
      <object_component id="oc-290">
         <name>.debug_line</name>
         <load_address>0x2acb</load_address>
         <run_address>0x2acb</run_address>
         <size>0x82</size>
         <input_file_ref idref="fl-18"/>
      </object_component>
      <object_component id="oc-2d2">
         <name>.debug_line</name>
         <load_address>0x2b4d</load_address>
         <run_address>0x2b4d</run_address>
         <size>0x7d</size>
         <input_file_ref idref="fl-18"/>
      </object_component>
      <object_component id="oc-1cc">
         <name>.debug_line</name>
         <load_address>0x2bca</load_address>
         <run_address>0x2bca</run_address>
         <size>0x92</size>
         <input_file_ref idref="fl-18"/>
      </object_component>
      <object_component id="oc-2a0">
         <name>.debug_line</name>
         <load_address>0x2c5c</load_address>
         <run_address>0x2c5c</run_address>
         <size>0x95</size>
         <input_file_ref idref="fl-18"/>
      </object_component>
      <object_component id="oc-29a">
         <name>.debug_line</name>
         <load_address>0x2cf1</load_address>
         <run_address>0x2cf1</run_address>
         <size>0xc4</size>
         <input_file_ref idref="fl-18"/>
      </object_component>
      <object_component id="oc-24e">
         <name>.debug_line</name>
         <load_address>0x2db5</load_address>
         <run_address>0x2db5</run_address>
         <size>0x99</size>
         <input_file_ref idref="fl-18"/>
      </object_component>
      <object_component id="oc-22a">
         <name>.debug_line</name>
         <load_address>0x2e4e</load_address>
         <run_address>0x2e4e</run_address>
         <size>0x99</size>
         <input_file_ref idref="fl-18"/>
      </object_component>
      <object_component id="oc-254">
         <name>.debug_line</name>
         <load_address>0x2ee7</load_address>
         <run_address>0x2ee7</run_address>
         <size>0xa7</size>
         <input_file_ref idref="fl-18"/>
      </object_component>
      <object_component id="oc-2c3">
         <name>.debug_line</name>
         <load_address>0x2f8e</load_address>
         <run_address>0x2f8e</run_address>
         <size>0x13d</size>
         <input_file_ref idref="fl-1a"/>
      </object_component>
      <object_component id="oc-2d0">
         <name>.debug_line</name>
         <load_address>0x30cb</load_address>
         <run_address>0x30cb</run_address>
         <size>0x7f</size>
         <input_file_ref idref="fl-1a"/>
      </object_component>
      <object_component id="oc-220">
         <name>.debug_line</name>
         <load_address>0x314a</load_address>
         <run_address>0x314a</run_address>
         <size>0x94</size>
         <input_file_ref idref="fl-1a"/>
      </object_component>
      <object_component id="oc-21a">
         <name>.debug_line</name>
         <load_address>0x31de</load_address>
         <run_address>0x31de</run_address>
         <size>0xee</size>
         <input_file_ref idref="fl-1a"/>
      </object_component>
      <object_component id="oc-232">
         <name>.debug_line</name>
         <load_address>0x32cc</load_address>
         <run_address>0x32cc</run_address>
         <size>0x118</size>
         <input_file_ref idref="fl-1a"/>
      </object_component>
      <object_component id="oc-2c6">
         <name>.debug_line</name>
         <load_address>0x33e4</load_address>
         <run_address>0x33e4</run_address>
         <size>0x7f</size>
         <input_file_ref idref="fl-1a"/>
      </object_component>
      <object_component id="oc-287">
         <name>.debug_line</name>
         <load_address>0x3463</load_address>
         <run_address>0x3463</run_address>
         <size>0x82</size>
         <input_file_ref idref="fl-1b"/>
      </object_component>
      <object_component id="oc-247">
         <name>.debug_line</name>
         <load_address>0x34e5</load_address>
         <run_address>0x34e5</run_address>
         <size>0x93</size>
         <input_file_ref idref="fl-1b"/>
      </object_component>
      <object_component id="oc-22f">
         <name>.debug_line</name>
         <load_address>0x3578</load_address>
         <run_address>0x3578</run_address>
         <size>0x96</size>
         <input_file_ref idref="fl-1b"/>
      </object_component>
      <object_component id="oc-23b">
         <name>.debug_line</name>
         <load_address>0x360e</load_address>
         <run_address>0x360e</run_address>
         <size>0xb3</size>
         <input_file_ref idref="fl-1b"/>
      </object_component>
      <object_component id="oc-241">
         <name>.debug_line</name>
         <load_address>0x36c1</load_address>
         <run_address>0x36c1</run_address>
         <size>0x92</size>
         <input_file_ref idref="fl-1b"/>
      </object_component>
      <object_component id="oc-1bf">
         <name>.debug_line</name>
         <load_address>0x3753</load_address>
         <run_address>0x3753</run_address>
         <size>0x92</size>
         <input_file_ref idref="fl-1b"/>
      </object_component>
      <object_component id="oc-1b3">
         <name>.debug_line</name>
         <load_address>0x37e5</load_address>
         <run_address>0x37e5</run_address>
         <size>0x93</size>
         <input_file_ref idref="fl-1b"/>
      </object_component>
      <object_component id="oc-1c5">
         <name>.debug_line</name>
         <load_address>0x3878</load_address>
         <run_address>0x3878</run_address>
         <size>0x92</size>
         <input_file_ref idref="fl-1b"/>
      </object_component>
      <object_component id="oc-47">
         <name>.debug_line</name>
         <load_address>0x390a</load_address>
         <run_address>0x390a</run_address>
         <size>0x88</size>
         <input_file_ref idref="fl-d2"/>
      </object_component>
      <object_component id="oc-b5">
         <name>.debug_line</name>
         <load_address>0x3992</load_address>
         <run_address>0x3992</run_address>
         <size>0x79</size>
         <input_file_ref idref="fl-d3"/>
      </object_component>
      <object_component id="oc-12b">
         <name>.debug_line</name>
         <load_address>0x3a0b</load_address>
         <run_address>0x3a0b</run_address>
         <size>0x90</size>
         <input_file_ref idref="fl-d4"/>
      </object_component>
      <object_component id="oc-5a">
         <name>.debug_line</name>
         <load_address>0x3a9b</load_address>
         <run_address>0x3a9b</run_address>
         <size>0x4f</size>
         <input_file_ref idref="fl-d4"/>
      </object_component>
      <object_component id="oc-b0">
         <name>.debug_line</name>
         <load_address>0x3aea</load_address>
         <run_address>0x3aea</run_address>
         <size>0x34</size>
         <input_file_ref idref="fl-d4"/>
      </object_component>
      <object_component id="oc-128">
         <name>.debug_line</name>
         <load_address>0x3b1e</load_address>
         <run_address>0x3b1e</run_address>
         <size>0x90</size>
         <input_file_ref idref="fl-d4"/>
      </object_component>
      <object_component id="oc-ab">
         <name>.debug_line</name>
         <load_address>0x3bae</load_address>
         <run_address>0x3bae</run_address>
         <size>0x20</size>
         <input_file_ref idref="fl-d5"/>
      </object_component>
      <object_component id="oc-1d">
         <name>.debug_line</name>
         <load_address>0x3bce</load_address>
         <run_address>0x3bce</run_address>
         <size>0x55</size>
         <input_file_ref idref="fl-d5"/>
      </object_component>
      <object_component id="oc-4c">
         <name>.debug_line</name>
         <load_address>0x3c23</load_address>
         <run_address>0x3c23</run_address>
         <size>0x3a</size>
         <input_file_ref idref="fl-d5"/>
      </object_component>
      <object_component id="oc-a8">
         <name>.debug_line</name>
         <load_address>0x3c5d</load_address>
         <run_address>0x3c5d</run_address>
         <size>0x90</size>
         <input_file_ref idref="fl-d5"/>
      </object_component>
      <object_component id="oc-124">
         <name>.debug_line</name>
         <load_address>0x3ced</load_address>
         <run_address>0x3ced</run_address>
         <size>0x20</size>
         <input_file_ref idref="fl-d6"/>
      </object_component>
      <object_component id="oc-16">
         <name>.debug_line</name>
         <load_address>0x3d0d</load_address>
         <run_address>0x3d0d</run_address>
         <size>0xa9</size>
         <input_file_ref idref="fl-d6"/>
      </object_component>
      <object_component id="oc-3c">
         <name>.debug_line</name>
         <load_address>0x3db6</load_address>
         <run_address>0x3db6</run_address>
         <size>0x3a</size>
         <input_file_ref idref="fl-d6"/>
      </object_component>
      <object_component id="oc-121">
         <name>.debug_line</name>
         <load_address>0x3df0</load_address>
         <run_address>0x3df0</run_address>
         <size>0x98</size>
         <input_file_ref idref="fl-d6"/>
      </object_component>
      <object_component id="oc-a1">
         <name>.debug_line</name>
         <load_address>0x3e88</load_address>
         <run_address>0x3e88</run_address>
         <size>0x94</size>
         <input_file_ref idref="fl-d6"/>
      </object_component>
      <object_component id="oc-74">
         <name>.debug_line</name>
         <load_address>0x3f1c</load_address>
         <run_address>0x3f1c</run_address>
         <size>0x33</size>
         <input_file_ref idref="fl-d7"/>
      </object_component>
      <object_component id="oc-63">
         <name>.debug_line</name>
         <load_address>0x3f4f</load_address>
         <run_address>0x3f4f</run_address>
         <size>0x45</size>
         <input_file_ref idref="fl-d7"/>
      </object_component>
      <object_component id="oc-274">
         <name>.debug_line</name>
         <load_address>0x3f94</load_address>
         <run_address>0x3f94</run_address>
         <size>0xbd</size>
         <input_file_ref idref="fl-d8"/>
      </object_component>
      <object_component id="oc-144">
         <name>.debug_line</name>
         <load_address>0x4051</load_address>
         <run_address>0x4051</run_address>
         <size>0x6f</size>
         <input_file_ref idref="fl-d8"/>
      </object_component>
      <object_component id="oc-278">
         <name>.debug_line</name>
         <load_address>0x40c0</load_address>
         <run_address>0x40c0</run_address>
         <size>0x2e</size>
         <input_file_ref idref="fl-d8"/>
      </object_component>
      <object_component id="oc-2b9">
         <name>.debug_line</name>
         <load_address>0x40ee</load_address>
         <run_address>0x40ee</run_address>
         <size>0x98</size>
         <input_file_ref idref="fl-d8"/>
      </object_component>
      <object_component id="oc-27d">
         <name>.debug_line</name>
         <load_address>0x4186</load_address>
         <run_address>0x4186</run_address>
         <size>0x95</size>
         <input_file_ref idref="fl-d8"/>
      </object_component>
      <object_component id="oc-282">
         <name>.debug_line</name>
         <load_address>0x421b</load_address>
         <run_address>0x421b</run_address>
         <size>0x91</size>
         <input_file_ref idref="fl-d8"/>
      </object_component>
      <object_component id="oc-ba">
         <name>.debug_line</name>
         <load_address>0x42ac</load_address>
         <run_address>0x42ac</run_address>
         <size>0x40</size>
         <input_file_ref idref="fl-d9"/>
      </object_component>
      <object_component id="oc-136">
         <name>.debug_line</name>
         <load_address>0x42ec</load_address>
         <run_address>0x42ec</run_address>
         <size>0x3c</size>
         <input_file_ref idref="fl-db"/>
      </object_component>
      <object_component id="oc-dd">
         <name>.debug_frame</name>
         <load_address>0x0</load_address>
         <run_address>0x0</run_address>
         <size>0xbc</size>
         <input_file_ref idref="fl-2"/>
      </object_component>
      <object_component id="oc-e2">
         <name>.debug_frame</name>
         <load_address>0xbc</load_address>
         <run_address>0xbc</run_address>
         <size>0xb8</size>
         <input_file_ref idref="fl-3"/>
      </object_component>
      <object_component id="oc-c0">
         <name>.debug_frame</name>
         <load_address>0x174</load_address>
         <run_address>0x174</run_address>
         <size>0x58</size>
         <input_file_ref idref="fl-4"/>
      </object_component>
      <object_component id="oc-34">
         <name>.debug_frame</name>
         <load_address>0x1cc</load_address>
         <run_address>0x1cc</run_address>
         <size>0x110</size>
         <input_file_ref idref="fl-5"/>
      </object_component>
      <object_component id="oc-1b9">
         <name>.debug_frame</name>
         <load_address>0x2dc</load_address>
         <run_address>0x2dc</run_address>
         <size>0x354</size>
         <input_file_ref idref="fl-7"/>
      </object_component>
      <object_component id="oc-81">
         <name>.debug_frame</name>
         <load_address>0x630</load_address>
         <run_address>0x630</run_address>
         <size>0x6b4</size>
         <input_file_ref idref="fl-8"/>
      </object_component>
      <object_component id="oc-28">
         <name>.debug_frame</name>
         <load_address>0xce4</load_address>
         <run_address>0xce4</run_address>
         <size>0x90</size>
         <input_file_ref idref="fl-9"/>
      </object_component>
      <object_component id="oc-12f">
         <name>.debug_frame</name>
         <load_address>0xd74</load_address>
         <run_address>0xd74</run_address>
         <size>0xe0</size>
         <input_file_ref idref="fl-11"/>
      </object_component>
      <object_component id="oc-1cf">
         <name>.debug_frame</name>
         <load_address>0xe54</load_address>
         <run_address>0xe54</run_address>
         <size>0xb8</size>
         <input_file_ref idref="fl-12"/>
      </object_component>
      <object_component id="oc-1c8">
         <name>.debug_frame</name>
         <load_address>0xf0c</load_address>
         <run_address>0xf0c</run_address>
         <size>0x54</size>
         <input_file_ref idref="fl-18"/>
      </object_component>
      <object_component id="oc-29c">
         <name>.debug_frame</name>
         <load_address>0xf60</load_address>
         <run_address>0xf60</run_address>
         <size>0x54</size>
[...]
      </symbol>
      <symbol id="sm-1e5">
         <name>uxQueueMessagesWaiting</name>
         <value>0x2b11</value>
         <object_component_ref idref="oc-1b5"/>
      </symbol>
      <symbol id="sm-1e6">
         <name>vQueueAddToRegistry</name>
         <value>0x2dc3</value>
         <object_component_ref idref="oc-1b5"/>
      </symbol>
      <symbol id="sm-1e7">
         <name>xQueueIsQueueFullFromISR</name>
         <value>0x2d9d</value>
         <object_component_ref idref="oc-1b5"/>
      </symbol>
      <symbol id="sm-1e8">
         <name>xQueueGenericCreate</name>
         <value>0x23af</value>
         <object_component_ref idref="oc-1b5"/>
      </symbol>
      <symbol id="sm-1e9">
         <name>vQueueSetQueueNumber</name>
         <value>0x2b81</value>
         <object_component_ref idref="oc-1b5"/>
      </symbol>
      <symbol id="sm-1ea">
         <name>xQueueGenericSend</name>
         <value>0x2461</value>
         <object_component_ref idref="oc-1b5"/>
      </symbol>
      <symbol id="sm-1eb">
         <name>xQueueGenericReset</name>
         <value>0x22dd</value>
         <object_component_ref idref="oc-1b5"/>
      </symbol>
      <symbol id="sm-1ec">
         <name>xQueueReceiveFromISR</name>
         <value>0x2a1d</value>
         <object_component_ref idref="oc-1b5"/>
      </symbol>
      <symbol id="sm-1ed">
         <name>uxQueueSpacesAvailable</name>
         <value>0x2b27</value>
         <object_component_ref idref="oc-1b5"/>
      </symbol>
      <symbol id="sm-1ee">
         <name>xQueueSemaphoreTake</name>
         <value>0x27e9</value>
         <object_component_ref idref="oc-1b5"/>
      </symbol>
      <symbol id="sm-1ef">
         <name>vQueueUnregisterQueue</name>
         <value>0x2e71</value>
         <object_component_ref idref="oc-1b5"/>
      </symbol>
      <symbol id="sm-1f0">
         <name>xQueueGiveFromISR</name>
         <value>0x2637</value>
         <object_component_ref idref="oc-1b5"/>
      </symbol>
      <symbol id="sm-1f1">
         <name>uxQueueMessagesWaitingFromISR</name>
         <value>0x2b47</value>
         <object_component_ref idref="oc-1b5"/>
      </symbol>
      <symbol id="sm-1f2">
         <name>uxQueueGetQueueNumber</name>
         <value>0x2b73</value>
         <object_component_ref idref="oc-1b5"/>
      </symbol>
      <symbol id="sm-1f3">
         <name>vQueueDelete</name>
         <value>0x2b5d</value>
         <object_component_ref idref="oc-1b5"/>
      </symbol>
      <symbol id="sm-1f4">
         <name>xQueuePeek</name>
         <value>0x28f9</value>
         <object_component_ref idref="oc-1b5"/>
      </symbol>
      <symbol id="sm-1f5">
         <name>xQueueReceive</name>
         <value>0x26cf</value>
         <object_component_ref idref="oc-1b5"/>
      </symbol>
      <symbol id="sm-1f6">
         <name>pcQueueGetName</name>
         <value>0x2e31</value>
         <object_component_ref idref="oc-1b5"/>
      </symbol>
      <symbol id="sm-1f7">
         <name>ucQueueGetQueueType</name>
         <value>0x2b93</value>
         <object_component_ref idref="oc-1b5"/>
      </symbol>
      <symbol id="sm-43b">
         <name>vTaskDelay</name>
         <value>0x5e9</value>
         <object_component_ref idref="oc-7c"/>
      </symbol>
      <symbol id="sm-43c">
         <name>vTaskSuspendAll</name>
         <value>0xbdd</value>
         <object_component_ref idref="oc-7c"/>
      </symbol>
      <symbol id="sm-43d">
         <name>vTaskPlaceOnEventList</name>
         <value>0x1361</value>
         <object_component_ref idref="oc-7c"/>
      </symbol>
      <symbol id="sm-43e">
         <name>vTaskSetTaskNumber</name>
         <value>0x1771</value>
         <object_component_ref idref="oc-7c"/>
      </symbol>
      <symbol id="sm-43f">
         <name>pvTaskGetThreadLocalStoragePointer</name>
         <value>0x17eb</value>
         <object_component_ref idref="oc-7c"/>
      </symbol>
      <symbol id="sm-440">
         <name>uxTaskPriorityGetFromISR</name>
         <value>0x721</value>
         <object_component_ref idref="oc-7c"/>
      </symbol>
      <symbol id="sm-441">
         <name>pcTaskGetName</name>
         <value>0xdc1</value>
         <object_component_ref idref="oc-7c"/>
      </symbol>
      <symbol id="sm-442">
         <name>xTaskCheckForTimeOut</name>
         <value>0x16a5</value>
         <object_component_ref idref="oc-7c"/>
      </symbol>
      <symbol id="sm-443">
         <name>vTaskGenericNotifyGiveFromISR</name>
         <value>0x1fed</value>
         <object_component_ref idref="oc-7c"/>
      </symbol>
      <symbol id="sm-444">
         <name>vTaskRemoveFromUnorderedEventList</name>
         <value>0x154d</value>
         <object_component_ref idref="oc-7c"/>
      </symbol>
      <symbol id="sm-445">
         <name>vTaskPrioritySet</name>
         <value>0x76d</value>
         <object_component_ref idref="oc-7c"/>
      </symbol>
      <symbol id="sm-446">
         <name>xTaskAbortDelay</name>
         <value>0x1047</value>
         <object_component_ref idref="oc-7c"/>
      </symbol>
      <symbol id="sm-447">
         <name>vTaskStartScheduler</name>
         <value>0xb6f</value>
         <object_component_ref idref="oc-7c"/>
      </symbol>
      <symbol id="sm-448">
         <name>vTaskInternalSetTimeOutState</name>
         <value>0x1685</value>
         <object_component_ref idref="oc-7c"/>
      </symbol>
      <symbol id="sm-449">
         <name>vTaskSetThreadLocalStoragePointer</name>
         <value>0x17bd</value>
         <object_component_ref idref="oc-7c"/>
      </symbol>
      <symbol id="sm-44a">
         <name>xTaskGenericNotifyStateClear</name>
         <value>0x2155</value>
         <object_component_ref idref="oc-7c"/>
      </symbol>
      <symbol id="sm-44b">
         <name>xTaskGenericNotify</name>
         <value>0x1c81</value>
         <object_component_ref idref="oc-7c"/>
      </symbol>
      <symbol id="sm-44c">
         <name>xTaskCreate</name>
         <value>0x26d</value>
         <object_component_ref idref="oc-7c"/>
      </symbol>
      <symbol id="sm-44d">
         <name>xTaskDelayUntil</name>
         <value>0x559</value>
         <object_component_ref idref="oc-7c"/>
      </symbol>
      <symbol id="sm-44e">
         <name>uxTaskGetTaskNumber</name>
         <value>0x1751</value>
         <object_component_ref idref="oc-7c"/>
      </symbol>
      <symbol id="sm-44f">
         <name>vTaskEndScheduler</name>
         <value>0xbbd</value>
         <object_component_ref idref="oc-7c"/>
      </symbol>
      <symbol id="sm-450">
         <name>vTaskMissedYield</name>
         <value>0x1743</value>
         <object_component_ref idref="oc-7c"/>
      </symbol>
      <symbol id="sm-451">
         <name>uxTaskGetNumberOfTasks</name>
         <value>0xdb5</value>
         <object_component_ref idref="oc-7c"/>
      </symbol>
      <symbol id="sm-452">
         <name>xTaskCatchUpTicks</name>
         <value>0x102b</value>
         <object_component_ref idref="oc-7c"/>
      </symbol>
      <symbol id="sm-453">
         <name>xTaskGenericNotifyFromISR</name>
         <value>0x1e0d</value>
         <object_component_ref idref="oc-7c"/>
      </symbol>
      <symbol id="sm-454">
         <name>vTaskGetInfo</name>
         <value>0x18c9</value>
         <object_component_ref idref="oc-7c"/>
      </symbol>
      <symbol id="sm-455">
         <name>uxTaskPriorityGet</name>
         <value>0x6f9</value>
         <object_component_ref idref="oc-7c"/>
      </symbol>
      <symbol id="sm-456">
         <name>xTaskResumeAll</name>
         <value>0xbf9</value>
         <object_component_ref idref="oc-7c"/>
      </symbol>
      <symbol id="sm-457">
         <name>xTaskGetHandle</name>
         <value>0xed5</value>
         <object_component_ref idref="oc-7c"/>
      </symbol>
      <symbol id="sm-458">
         <name>xTaskGetTickCount</name>
         <value>0xd89</value>
         <object_component_ref idref="oc-7c"/>
      </symbol>
      <symbol id="sm-459">
         <name>ulTaskGenericNotifyTake</name>
         <value>0x1b0d</value>
         <object_component_ref idref="oc-7c"/>
      </symbol>
      <symbol id="sm-45a">
         <name>uxTaskGetSystemState</name>
         <value>0xf59</value>
         <object_component_ref idref="oc-7c"/>
      </symbol>
      <symbol id="sm-45b">
         <name>vTaskDelete</name>
         <value>0x4c9</value>
         <object_component_ref idref="oc-7c"/>
      </symbol>
      <symbol id="sm-45c">
         <name>ulTaskGenericNotifyValueClear</name>
         <value>0x219f</value>
         <object_component_ref idref="oc-7c"/>
      </symbol>
      <symbol id="sm-45d">
         <name>xTaskGenericNotifyWait</name>
         <value>0x1bb1</value>
         <object_component_ref idref="oc-7c"/>
      </symbol>
      <symbol id="sm-45e">
         <name>pxCurrentTCB</name>
         <value>0x20005158</value>
         <object_component_ref idref="oc-76"/>
      </symbol>
      <symbol id="sm-45f">
         <name>eTaskGetState</name>
         <value>0x635</value>
         <object_component_ref idref="oc-7c"/>
      </symbol>
      <symbol id="sm-460">
         <name>vTaskSuspend</name>
         <value>0x8ad</value>
         <object_component_ref idref="oc-7c"/>
      </symbol>
      <symbol id="sm-461">
         <name>xTaskGetTickCountFromISR</name>
         <value>0xda1</value>
         <object_component_ref idref="oc-7c"/>
      </symbol>
      <symbol id="sm-462">
         <name>vTaskResume</name>
         <value>0x9c5</value>
         <object_component_ref idref="oc-7c"/>
      </symbol>
      <symbol id="sm-463">
         <name>uxTopUsedPriority</name>
         <value>0x409c</value>
         <object_component_ref idref="oc-f6"/>
      </symbol>
      <symbol id="sm-464">
         <name>vTaskSetTimeOutState</name>
         <value>0x1667</value>
         <object_component_ref idref="oc-7c"/>
      </symbol>
      <symbol id="sm-465">
         <name>xTaskIncrementTick</name>
         <value>0x1129</value>
         <object_component_ref idref="oc-7c"/>
      </symbol>
      <symbol id="sm-466">
         <name>vTaskSwitchContext</name>
         <value>0x12dd</value>
         <object_component_ref idref="oc-7c"/>
      </symbol>
      <symbol id="sm-467">
         <name>uxTaskResetEventItemValue</name>
         <value>0x1ac1</value>
         <object_component_ref idref="oc-7c"/>
      </symbol>
      <symbol id="sm-468">
         <name>xTaskGetSchedulerState</name>
         <value>0x1a9b</value>
         <object_component_ref idref="oc-7c"/>
      </symbol>
      <symbol id="sm-469">
         <name>xTaskResumeFromISR</name>
         <value>0xa95</value>
         <object_component_ref idref="oc-7c"/>
      </symbol>
      <symbol id="sm-46a">
         <name>xTaskGetCurrentTaskHandle</name>
         <value>0x1a8b</value>
         <object_component_ref idref="oc-7c"/>
      </symbol>
      <symbol id="sm-46b">
         <name>vTaskPlaceOnUnorderedEventList</name>
         <value>0x1389</value>
         <object_component_ref idref="oc-7c"/>
      </symbol>
      <symbol id="sm-46c">
         <name>xTaskRemoveFromEventList</name>
         <value>0x13f9</value>
         <object_component_ref idref="oc-7c"/>
      </symbol>
      <symbol id="sm-488">
         <name>ResetISR</name>
         <value>0x3f5f</value>
         <object_component_ref idref="oc-24"/>
      </symbol>
      <symbol id="sm-489">
         <name>g_pfnVectors</name>
         <value>0x0</value>
         <object_component_ref idref="oc-f"/>
      </symbol>
      <symbol id="sm-4d7">
         <name>Rec_Char</name>
         <value>0x20004f54</value>
      </symbol>
      <symbol id="sm-4d8">
         <name>sem2</name>
         <value>0x20004f50</value>
      </symbol>
      <symbol id="sm-4d9">
         <name>RGB</name>
         <value>0x2f7d</value>
         <object_component_ref idref="oc-12e"/>
      </symbol>
      <symbol id="sm-4da">
         <name>UART0_Send_String</name>
         <value>0x2ebd</value>
         <object_component_ref idref="oc-12e"/>
      </symbol>
      <symbol id="sm-4db">
         <name>TaskState1</name>
         <value>0x2fdb</value>
         <object_component_ref idref="oc-12e"/>
      </symbol>
      <symbol id="sm-4dc">
         <name>IS_Send</name>
         <value>0x200051a0</value>
         <object_component_ref idref="oc-1d6"/>
      </symbol>
      <symbol id="sm-4dd">
         <name>UART_Task</name>
         <value>0x2f19</value>
         <object_component_ref idref="oc-12e"/>
      </symbol>
      <symbol id="sm-4de">
         <name>Task</name>
         <value>0x312b</value>
         <object_component_ref idref="oc-12e"/>
      </symbol>
      <symbol id="sm-4df">
         <name>UART0_Send_Int</name>
         <value>0x2ef3</value>
         <object_component_ref idref="oc-12e"/>
      </symbol>
      <symbol id="sm-4fc">
         <name>UART0_SendInt</name>
         <value>0x399b</value>
         <object_component_ref idref="oc-1cd"/>
      </symbol>
      <symbol id="sm-4fd">
         <name>UART0_Config</name>
         <value>0x3915</value>
         <object_component_ref idref="oc-1cd"/>
      </symbol>
      <symbol id="sm-4fe">
         <name>UART0_SendChr</name>
         <value>0x39c1</value>
         <object_component_ref idref="oc-1cd"/>
      </symbol>
      <symbol id="sm-4ff">
         <name>UART0_ReadChr</name>
         <value>0x39dd</value>
         <object_component_ref idref="oc-1cd"/>
      </symbol>
      <symbol id="sm-500">
         <name>UART0_SendString</name>
         <value>0x3977</value>
         <object_component_ref idref="oc-1cd"/>
      </symbol>
      <symbol id="sm-54a">
         <name>GPIOPinConfigure</name>
         <value>0x3d59</value>
         <object_component_ref idref="oc-24f"/>
      </symbol>
      <symbol id="sm-54b">
         <name>GPIOPinTypeUART</name>
         <value>0x3eff</value>
         <object_component_ref idref="oc-249"/>
      </symbol>
      <symbol id="sm-54c">
         <name>GPIOPinTypeGPIOOutput</name>
         <value>0x3ee5</value>
         <object_component_ref idref="oc-225"/>
      </symbol>
      <symbol id="sm-54d">
         <name>GPIODirModeSet</name>
         <value>0x3e99</value>
         <object_component_ref idref="oc-29b"/>
      </symbol>
      <symbol id="sm-54e">
         <name>GPIOPinWrite</name>
         <value>0x3f7f</value>
         <object_component_ref idref="oc-1c7"/>
      </symbol>
      <symbol id="sm-54f">
         <name>GPIOPadConfigSet</name>
         <value>0x3565</value>
         <object_component_ref idref="oc-295"/>
      </symbol>
      <symbol id="sm-5a3">
         <name>SysCtlClockSet</name>
         <value>0x3a0d</value>
         <object_component_ref idref="oc-219"/>
      </symbol>
      <symbol id="sm-5a4">
         <name>SysCtlDelay</name>
         <value>0x3f85</value>
         <object_component_ref idref="oc-291"/>
      </symbol>
      <symbol id="sm-5a5">
         <name>SysCtlPeripheralEnable</name>
         <value>0x3e31</value>
         <object_component_ref idref="oc-21f"/>
      </symbol>
      <symbol id="sm-5a6">
         <name>SysCtlClockGet</name>
         <value>0x37fd</value>
         <object_component_ref idref="oc-231"/>
      </symbol>
      <symbol id="sm-5e8">
         <name>UARTConfigSetExpClk</name>
         <value>0x3da5</value>
         <object_component_ref idref="oc-237"/>
      </symbol>
      <symbol id="sm-5e9">
         <name>UARTDisable</name>
         <value>0x3ec5</value>
         <object_component_ref idref="oc-22b"/>
      </symbol>
      <symbol id="sm-5ea">
         <name>UARTCharsAvail</name>
         <value>0x3f37</value>
         <object_component_ref idref="oc-1bb"/>
      </symbol>
      <symbol id="sm-5eb">
         <name>UARTCharGetNonBlocking</name>
         <value>0x3f29</value>
         <object_component_ref idref="oc-1c1"/>
      </symbol>
      <symbol id="sm-5ec">
         <name>UARTClockSourceSet</name>
         <value>0x3f8b</value>
         <object_component_ref idref="oc-23d"/>
      </symbol>
      <symbol id="sm-5ed">
         <name>UARTCharPut</name>
         <value>0x3f6b</value>
         <object_component_ref idref="oc-1af"/>
      </symbol>
      <symbol id="sm-5ee">
         <name>UARTEnable</name>
         <value>0x3f15</value>
         <object_component_ref idref="oc-243"/>
      </symbol>
      <symbol id="sm-60a">
         <name>memcpy</name>
         <value>0x3bdb</value>
         <object_component_ref idref="oc-43"/>
      </symbol>
      <symbol id="sm-60b">
         <name>__aeabi_memcpy</name>
         <value>0x3bdb</value>
         <object_component_ref idref="oc-43"/>
      </symbol>
      <symbol id="sm-60c">
         <name>__aeabi_memcpy8</name>
         <value>0x3bdb</value>
         <object_component_ref idref="oc-43"/>
      </symbol>
      <symbol id="sm-60d">
         <name>__aeabi_memcpy4</name>
         <value>0x3bdb</value>
         <object_component_ref idref="oc-43"/>
      </symbol>
      <symbol id="sm-61c">
         <name>__aeabi_memset</name>
         <value>0x3c79</value>
         <object_component_ref idref="oc-b3"/>
      </symbol>
      <symbol id="sm-61d">
         <name>memset</name>
         <value>0x3c7f</value>
         <object_component_ref idref="oc-b3"/>
      </symbol>
      <symbol id="sm-61e">
         <name>__aeabi_memset8</name>
         <value>0x3c79</value>
         <object_component_ref idref="oc-b3"/>
      </symbol>
      <symbol id="sm-61f">
         <name>__aeabi_memset4</name>
         <value>0x3c79</value>
         <object_component_ref idref="oc-b3"/>
      </symbol>
      <symbol id="sm-620">
         <name>__aeabi_memclr8</name>
         <value>0x3c77</value>
         <object_component_ref idref="oc-b3"/>
      </symbol>
      <symbol id="sm-621">
         <name>__aeabi_memclr4</name>
         <value>0x3c77</value>
         <object_component_ref idref="oc-b3"/>
      </symbol>
      <symbol id="sm-622">
         <name>__aeabi_memclr</name>
         <value>0x3c77</value>
         <object_component_ref idref="oc-b3"/>
      </symbol>
      <symbol id="sm-639">
         <name>__TI_zero_init</name>
         <value>0x3f53</value>
         <object_component_ref idref="oc-55"/>
      </symbol>
      <symbol id="sm-650">
         <name>__TI_decompress_none</name>
         <value>0x3f45</value>
         <object_component_ref idref="oc-18"/>
      </symbol>
      <symbol id="sm-673">
         <name>__TI_decompress_lzss</name>
         <value>0x3cf1</value>
         <object_component_ref idref="oc-12"/>
      </symbol>
      <symbol id="sm-686">
         <name>__stack</name>
         <value>0x20004f58</value>
         <object_component_ref idref="oc-21"/>
      </symbol>
      <symbol id="sm-687">
         <name>_c_int00_noargs</name>
         <value>0x3e65</value>
         <object_component_ref idref="oc-61"/>
      </symbol>
      <symbol id="sm-6af">
         <name>__TI_auto_init_nobinit_nopinit</name>
         <value>0x3ded</value>
         <object_component_ref idref="oc-141"/>
      </symbol>
      <symbol id="sm-6b9">
         <name>_system_pre_init</name>
         <value>0x3f91</value>
         <object_component_ref idref="oc-b9"/>
      </symbol>
      <symbol id="sm-6c5">
         <name>C$$EXIT</name>
         <value>0x3f95</value>
         <object_component_ref idref="oc-135"/>
      </symbol>
      <symbol id="sm-6c6">
         <name>abort</name>
         <value>0x3f95</value>
         <object_component_ref idref="oc-135"/>
      </symbol>
      <symbol id="sm-6c9">
         <name>__TI_static_base__</name>
         <value>0x0</value>
      </symbol>
      <symbol id="sm-6cc">
         <name>__mpu_init</name>
         <value>0x0</value>
      </symbol>
      <symbol id="sm-6cd">
         <name>_system_post_cinit</name>
         <value>0x0</value>
      </symbol>
   </symbol_table>
   <title>Link successful</title>
</link_info>
