******************************************************************************
                  TI ARM Linker PC v18.12.4                    
******************************************************************************
>> Linked Fri Sep 17 19:48:17 2021

OUTPUT FILE NAME:   <RTOS.out>
ENTRY POINT SYMBOL: "_c_int00_noargs"  address: 00003e65


MEMORY CONFIGURATION

         name            origin    length      used     unused   attr    fill
----------------------  --------  ---------  --------  --------  ----  --------
  FLASH                 00000000   00040000  000040e0  0003bf20  R  X
  SRAM                  20000000   00008000  0000519e  00002e62  RW X


SEGMENT ALLOCATION MAP

run origin  load origin   length   init length attrs members
----------  ----------- ---------- ----------- ----- -------
00000000    00000000    000040e0   000040e0    r-x
  00000000    00000000    0000026c   0000026c    r-- .intvecs
  0000026c    0000026c    00003d2c   00003d2c    r-x .text
  00003f98    00003f98    00000108   00000108    r-- .const
  000040a0    000040a0    00000040   00000040    r-- .cinit
20000000    20000000    000051a1   00000000    rw-
  20000000    20000000    00004f55   00000000    rw- .bss
  20004f58    20004f58    00000200   00000000    rw- .stack
  20005158    20005158    00000049   00000000    rw- .data


SECTION ALLOCATION MAP

 output                                  attributes/
section   page    origin      length       input sections
--------  ----  ----------  ----------   ----------------
.intvecs   0    00000000    0000026c     
                  00000000    0000026c     tm4c123gh6pm_startup_ccs.obj (.intvecs)

.text      0    0000026c    00003d2c     
                  0000026c    00002070     tasks.obj (.text)
                  000022dc    00000be0     queue.obj (.text)
                  00002ebc    0000030c     Task.obj (.text)
                  000031c8    000001d8     heap_2.obj (.text)
                  000033a0    000001c4     port.obj (.text)
                  00003564    0000016c     driverlib.lib : gpio.obj (.text:GPIOPadConfigSet)
                  000036d0    0000012a     list.obj (.text)
                  000037fa    00000002     --HOLE-- [fill = 0]
                  000037fc    00000118     driverlib.lib : sysctl.obj (.text:SysCtlClockGet)
                  00003914    000000f8     UARTs.obj (.text)
                  00003a0c    000000f4     driverlib.lib : sysctl.obj (.text:SysCtlClockSet)
                  00003b00    000000da     portasm.obj (.text)
                  00003bda    0000009c     rtsv7M4_T_le_v4SPD16_eabi.lib : memcpy_t2.asm.obj (.text)
                  00003c76    0000007a                                   : memset_t2.asm.obj (.text)
                  00003cf0    00000068                                   : copy_decompress_lzss.c.obj (.text:decompress:lzss:__TI_decompress_lzss)
                  00003d58    0000004c     driverlib.lib : gpio.obj (.text:GPIOPinConfigure)
                  00003da4    00000046                   : uart.obj (.text:UARTConfigSetExpClk)
                  00003dea    00000002     --HOLE-- [fill = 0]
                  00003dec    00000044     rtsv7M4_T_le_v4SPD16_eabi.lib : autoinit.c.obj (.text:__TI_auto_init_nobinit_nopinit:__TI_auto_init_nobinit_nopinit)
                  00003e30    00000034     driverlib.lib : sysctl.obj (.text:SysCtlPeripheralEnable)
                  00003e64    00000034     rtsv7M4_T_le_v4SPD16_eabi.lib : boot_cortex_m.c.obj (.text:_c_int00_noargs:_c_int00_noargs)
                  00003e98    0000002c     driverlib.lib : gpio.obj (.text:GPIODirModeSet)
                  00003ec4    00000020                   : uart.obj (.text:UARTDisable)
                  00003ee4    0000001a                   : gpio.obj (.text:GPIOPinTypeGPIOOutput)
                  00003efe    00000016                   : gpio.obj (.text:GPIOPinTypeUART)
                  00003f14    00000014                   : uart.obj (.text:UARTEnable)
                  00003f28    0000000e                   : uart.obj (.text:UARTCharGetNonBlocking)
                  00003f36    0000000e                   : uart.obj (.text:UARTCharsAvail)
                  00003f44    0000000e     rtsv7M4_T_le_v4SPD16_eabi.lib : copy_decompress_none.c.obj (.text:decompress:none:__TI_decompress_none)
                  00003f52    0000000c                                   : copy_zero_init.c.obj (.text:decompress:ZI:__TI_zero_init)
                  00003f5e    0000000c     tm4c123gh6pm_startup_ccs.obj (.text)
                  00003f6a    0000000a     driverlib.lib : uart.obj (.text:UARTCharPut)
                  00003f74    0000000a     main.obj (.text)
                  00003f7e    00000006     driverlib.lib : gpio.obj (.text:GPIOPinWrite)
                  00003f84    00000006                   : sysctl.obj (.text:SysCtlDelay)
                  00003f8a    00000006                   : uart.obj (.text:UARTClockSourceSet)
                  00003f90    00000004     rtsv7M4_T_le_v4SPD16_eabi.lib : pre_init.c.obj (.text:_system_pre_init)
                  00003f94    00000004                                   : exit.c.obj (.text:abort:abort)

.const     0    00003f98    00000108     
                  00003f98    00000090     driverlib.lib : gpio.obj (.const:g_pui32GPIOBaseAddrs)
                  00004028    0000006c                   : sysctl.obj (.const:g_pui32Xtals)
                  00004094    00000008     port.obj (.const)
                  0000409c    00000004     tasks.obj (.const)

.cinit     0    000040a0    00000040     
                  000040a0    00000016     (.cinit..data.load) [load image, compression = lzss]
                  000040b6    00000002     --HOLE-- [fill = 0]
                  000040b8    0000000c     (__TI_handler_table)
                  000040c4    00000004     --HOLE-- [fill = 0]
                  000040c8    00000008     (.cinit..bss.load) [load image, compression = zero_init]
                  000040d0    00000010     (__TI_cinit_table)

.init_array 
*          0    00000000    00000000     UNINITIALIZED

.bss       0    20000000    00004f55     UNINITIALIZED
                  20000000    00004e20     heap_2.obj (.bss:ucHeap)
                  20004e20    00000064     tasks.obj (.bss:pxReadyTasksLists)
                  20004e84    00000050     (.common:xQueueRegistry)
                  20004ed4    00000014     tasks.obj (.bss:xDelayedTaskList1)
                  20004ee8    00000014     tasks.obj (.bss:xDelayedTaskList2)
                  20004efc    00000014     tasks.obj (.bss:xPendingReadyList)
                  20004f10    00000014     tasks.obj (.bss:xSuspendedTaskList)
                  20004f24    00000014     tasks.obj (.bss:xTasksWaitingTermination)
                  20004f38    00000008     tasks.obj (.bss)
                  20004f40    00000008     heap_2.obj (.bss:xEnd)
                  20004f48    00000008     heap_2.obj (.bss:xStart)
                  20004f50    00000004     (.common:sem2)
                  20004f54    00000001     (.common:Rec_Char)

.data      0    20005158    00000049     UNINITIALIZED
                  20005158    00000034     tasks.obj (.data)
                  2000518c    0000000c     port.obj (.data)
                  20005198    00000008     heap_2.obj (.data)
                  200051a0    00000001     Task.obj (.data)

.stack     0    20004f58    00000200     UNINITIALIZED
                  20004f58    00000004     rtsv7M4_T_le_v4SPD16_eabi.lib : boot_cortex_m.c.obj (.stack)
                  20004f5c    000001fc     --HOLE--

MODULE SUMMARY

       Module                         code    ro data   rw data
       ------                         ----    -------   -------
    .\
       heap_2.obj                     472     0         20024  
       tasks.obj                      8304    4         260    
       queue.obj                      3040    0         80     
       tm4c123gh6pm_startup_ccs.obj   12      620       0      
       port.obj                       452     8         12     
       list.obj                       298     0         0      
       portasm.obj                    218     0         0      
       main.obj                       10      0         0      
    +--+------------------------------+-------+---------+---------+
       Total:                         12806   632       20376  
                                                               
    .\Examples\
       Task.obj                       780     0         6      
       UARTs.obj                      248     0         0      
    +--+------------------------------+-------+---------+---------+
       Total:                         1028    0         6      
                                                               
    C:/ti/TivaWare_C_Series-2.2.0.295/driverlib/ccs/Debug/driverlib.lib
       sysctl.obj                     582     108       0      
       gpio.obj                       538     144       0      
       uart.obj                       166     0         0      
    +--+------------------------------+-------+---------+---------+
       Total:                         1286    252       0      
                                                               
    C:\ti\ccs930\ccs\tools\compiler\ti-cgt-arm_18.12.4.LTS\lib\rtsv7M4_T_le_v4SPD16_eabi.lib
       memcpy_t2.asm.obj              156     0         0      
       memset_t2.asm.obj              122     0         0      
       copy_decompress_lzss.c.obj     104     0         0      
       autoinit.c.obj                 68      0         0      
       boot_cortex_m.c.obj            52      0         0      
       copy_decompress_none.c.obj     14      0         0      
       copy_zero_init.c.obj           12      0         0      
       exit.c.obj                     4       0         0      
       pre_init.c.obj                 4       0         0      
    +--+------------------------------+-------+---------+---------+
       Total:                         536     0         0      
                                                               
       Stack:                         0       0         512    
       Linker Generated:              0       58        0      
    +--+------------------------------+-------+---------+---------+
       Grand Total:                   15656   942       20894  


LINKER GENERATED COPY TABLES

__TI_cinit_table @ 000040d0 records: 2, size/record: 8, table size: 16
	.data: load addr=000040a0, load size=00000016 bytes, run addr=20005158, run size=00000049 bytes, compression=lzss
	.bss: load addr=000040c8, load size=00000008 bytes, run addr=20000000, run size=00004f55 bytes, compression=zero_init


LINKER GENERATED HANDLER TABLE

__TI_handler_table @ 000040b8 records: 3, size/record: 4, table size: 12
	index: 0, handler: __TI_decompress_lzss
	index: 1, handler: __TI_decompress_none
	index: 2, handler: __TI_zero_init


GLOBAL SYMBOLS: SORTED ALPHABETICALLY BY Name 

address   name                              
-------   ----                              
00003f95  C$$EXIT                           
00003e99  GPIODirModeSet                    
00003565  GPIOPadConfigSet                  
00003d59  GPIOPinConfigure                  
00003ee5  GPIOPinTypeGPIOOutput             
00003eff  GPIOPinTypeUART                   
00003f7f  GPIOPinWrite                      
200051a0  IS_Send                           
00002f7d  RGB                               
20004f54  Rec_Char                          
00003f5f  ResetISR                          
000037fd  SysCtlClockGet                    
00003a0d  SysCtlClockSet                    
00003f85  SysCtlDelay                       
00003e31  SysCtlPeripheralEnable            
0000312b  Task                              
00002fdb  TaskState1                        
00003915  UART0_Config                      
000039dd  UART0_ReadChr                     
000039c1  UART0_SendChr                     
0000399b  UART0_SendInt                     
00003977  UART0_SendString                  
00002ef3  UART0_Send_Int                    
00002ebd  UART0_Send_String                 
00003f29  UARTCharGetNonBlocking            
00003f6b  UARTCharPut                       
00003f37  UARTCharsAvail                    
00003f8b  UARTClockSourceSet                
00003da5  UARTConfigSetExpClk               
00003ec5  UARTDisable                       
00003f15  UARTEnable                        
00002f19  UART_Task                         
20005158  __STACK_END                       
00000200  __STACK_SIZE                      
20005158  __STACK_TOP                       
000040d0  __TI_CINIT_Base                   
000040e0  __TI_CINIT_Limit                  
000040b8  __TI_Handler_Table_Base           
000040c4  __TI_Handler_Table_Limit          
00003ded  __TI_auto_init_nobinit_nopinit    
00003cf1  __TI_decompress_lzss              
00003f45  __TI_decompress_none              
ffffffff  __TI_pprof_out_hndl               
ffffffff  __TI_prof_data_size               
ffffffff  __TI_prof_data_start              
00000000  __TI_static_base__                
00003f53  __TI_zero_init                    
00003c77  __aeabi_memclr                    
00003c77  __aeabi_memclr4                   
00003c77  __aeabi_memclr8                   
00003bdb  __aeabi_memcpy                    
00003bdb  __aeabi_memcpy4                   
00003bdb  __aeabi_memcpy8                   
00003c79  __aeabi_memset                    
00003c79  __aeabi_memset4                   
00003c79  __aeabi_memset8                   
ffffffff  __binit__                         
ffffffff  __c_args__                        
UNDEFED   __mpu_init                        
20004f58  __stack                           
00003e65  _c_int00_noargs                   
UNDEFED   _system_post_cinit                
00003f91  _system_pre_init                  
00003f95  abort                             
ffffffff  binit                             
00000635  eTaskGetState                     
00000000  g_pfnVectors                      
00003f75  main                              
00003bdb  memcpy                            
00003c7f  memset                            
00002e31  pcQueueGetName                    
00000dc1  pcTaskGetName                     
000031c9  pvPortMalloc                      
000017eb  pvTaskGetThreadLocalStoragePointer
20005158  pxCurrentTCB                      
000033a1  pxPortInitialiseStack             
20004f50  sem2                              
00002b93  ucQueueGetQueueType               
00004094  ulMaxSyscallInterruptPriority     
00003b11  ulPortGetIPSR                     
00001b0d  ulTaskGenericNotifyTake           
0000219f  ulTaskGenericNotifyValueClear     
000037b3  uxListRemove                      
00002b73  uxQueueGetQueueNumber             
00002b11  uxQueueMessagesWaiting            
00002b47  uxQueueMessagesWaitingFromISR     
00002b27  uxQueueSpacesAvailable            
00000db5  uxTaskGetNumberOfTasks            
00000f59  uxTaskGetSystemState              
00001751  uxTaskGetTaskNumber               
000006f9  uxTaskPriorityGet                 
00000721  uxTaskPriorityGetFromISR          
00001ac1  uxTaskResetEventItemValue         
0000409c  uxTopUsedPriority                 
000036d1  vListInitialise                   
00003701  vListInitialiseItem               
0000374d  vListInsert                       
00003711  vListInsertEnd                    
00003bcd  vPortEnableVFP                    
0000349f  vPortEndScheduler                 
000034a1  vPortEnterCritical                
000034c1  vPortExitCritical                 
000032e1  vPortFree                         
00003345  vPortInitialiseBlocks             
00003b89  vPortSVCHandler                   
000034fd  vPortSetupTimerInterrupt          
00003ba9  vPortStartFirstTask               
00003519  vPortValidateInterruptPriority    
00002dc3  vQueueAddToRegistry               
00002b5d  vQueueDelete                      
00002b81  vQueueSetQueueNumber              
00002e71  vQueueUnregisterQueue             
000005e9  vTaskDelay                        
000004c9  vTaskDelete                       
00000bbd  vTaskEndScheduler                 
00001fed  vTaskGenericNotifyGiveFromISR     
000018c9  vTaskGetInfo                      
00001685  vTaskInternalSetTimeOutState      
00001743  vTaskMissedYield                  
00001361  vTaskPlaceOnEventList             
00001389  vTaskPlaceOnUnorderedEventList    
0000076d  vTaskPrioritySet                  
0000154d  vTaskRemoveFromUnorderedEventList 
000009c5  vTaskResume                       
00001771  vTaskSetTaskNumber                
000017bd  vTaskSetThreadLocalStoragePointer 
00001667  vTaskSetTimeOutState              
00000b6f  vTaskStartScheduler               
000008ad  vTaskSuspend                      
00000bdd  vTaskSuspendAll                   
000012dd  vTaskSwitchContext                
0000333f  xPortGetFreeHeapSize              
00003b29  xPortPendSVHandler                
0000340b  xPortStartScheduler               
000034d7  xPortSysTickHandler               
000023af  xQueueGenericCreate               
000022dd  xQueueGenericReset                
00002461  xQueueGenericSend                 
00002591  xQueueGenericSendFromISR          
00002637  xQueueGiveFromISR                 
00002d57  xQueueIsQueueEmptyFromISR         
00002d9d  xQueueIsQueueFullFromISR          
000028f9  xQueuePeek                        
00002abb  xQueuePeekFromISR                 
000026cf  xQueueReceive                     
00002a1d  xQueueReceiveFromISR              
20004e84  xQueueRegistry                    
000027e9  xQueueSemaphoreTake               
00001047  xTaskAbortDelay                   
0000102b  xTaskCatchUpTicks                 
000016a5  xTaskCheckForTimeOut              
0000026d  xTaskCreate                       
00000559  xTaskDelayUntil                   
00001c81  xTaskGenericNotify                
00001e0d  xTaskGenericNotifyFromISR         
00002155  xTaskGenericNotifyStateClear      
00001bb1  xTaskGenericNotifyWait            
00001a8b  xTaskGetCurrentTaskHandle         
00000ed5  xTaskGetHandle                    
00001a9b  xTaskGetSchedulerState            
00000d89  xTaskGetTickCount                 
00000da1  xTaskGetTickCountFromISR          
00001129  xTaskIncrementTick                
000013f9  xTaskRemoveFromEventList          
00000bf9  xTaskResumeAll                    
00000a95  xTaskResumeFromISR                


GLOBAL SYMBOLS: SORTED BY Symbol Address 

address   name                              
-------   ----                              
00000000  __TI_static_base__                
00000000  g_pfnVectors                      
00000200  __STACK_SIZE                      
0000026d  xTaskCreate                       
000004c9  vTaskDelete                       
00000559  xTaskDelayUntil                   
000005e9  vTaskDelay                        
00000635  eTaskGetState                     
000006f9  uxTaskPriorityGet                 
00000721  uxTaskPriorityGetFromISR          
0000076d  vTaskPrioritySet                  
000008ad  vTaskSuspend                      
000009c5  vTaskResume                       
00000a95  xTaskResumeFromISR                
00000b6f  vTaskStartScheduler               
00000bbd  vTaskEndScheduler                 
00000bdd  vTaskSuspendAll                   
00000bf9  xTaskResumeAll                    
00000d89  xTaskGetTickCount                 
00000da1  xTaskGetTickCountFromISR          
00000db5  uxTaskGetNumberOfTasks            
00000dc1  pcTaskGetName                     
00000ed5  xTaskGetHandle                    
00000f59  uxTaskGetSystemState              
0000102b  xTaskCatchUpTicks                 
00001047  xTaskAbortDelay                   
00001129  xTaskIncrementTick                
000012dd  vTaskSwitchContext                
00001361  vTaskPlaceOnEventList             
00001389  vTaskPlaceOnUnorderedEventList    
000013f9  xTaskRemoveFromEventList          
0000154d  vTaskRemoveFromUnorderedEventList 
00001667  vTaskSetTimeOutState              
00001685  vTaskInternalSetTimeOutState      
000016a5  xTaskCheckForTimeOut              
00001743  vTaskMissedYield                  
00001751  uxTaskGetTaskNumber               
00001771  vTaskSetTaskNumber                
000017bd  vTaskSetThreadLocalStoragePointer 
000017eb  pvTaskGetThreadLocalStoragePointer
000018c9  vTaskGetInfo                      
00001a8b  xTaskGetCurrentTaskHandle         
00001a9b  xTaskGetSchedulerState            
00001ac1  uxTaskResetEventItemValue         
00001b0d  ulTaskGenericNotifyTake           
00001bb1  xTaskGenericNotifyWait            
00001c81  xTaskGenericNotify                
00001e0d  xTaskGenericNotifyFromISR         
00001fed  vTaskGenericNotifyGiveFromISR     
00002155  xTaskGenericNotifyStateClear      
0000219f  ulTaskGenericNotifyValueClear     
000022dd  xQueueGenericReset                
000023af  xQueueGenericCreate               
00002461  xQueueGenericSend                 
00002591  xQueueGenericSendFromISR          
00002637  xQueueGiveFromISR                 
000026cf  xQueueReceive                     
000027e9  xQueueSemaphoreTake               
000028f9  xQueuePeek                        
00002a1d  xQueueReceiveFromISR              
00002abb  xQueuePeekFromISR                 
00002b11  uxQueueMessagesWaiting            
00002b27  uxQueueSpacesAvailable            
00002b47  uxQueueMessagesWaitingFromISR     
00002b5d  vQueueDelete                      
00002b73  uxQueueGetQueueNumber             
00002b81  vQueueSetQueueNumber              
00002b93  ucQueueGetQueueType               
00002d57  xQueueIsQueueEmptyFromISR         
00002d9d  xQueueIsQueueFullFromISR          
00002dc3  vQueueAddToRegistry               
00002e31  pcQueueGetName                    
00002e71  vQueueUnregisterQueue             
00002ebd  UART0_Send_String                 
00002ef3  UART0_Send_Int                    
00002f19  UART_Task                         
00002f7d  RGB                               
00002fdb  TaskState1                        
0000312b  Task                              
000031c9  pvPortMalloc                      
000032e1  vPortFree                         
0000333f  xPortGetFreeHeapSize              
00003345  vPortInitialiseBlocks             
000033a1  pxPortInitialiseStack             
0000340b  xPortStartScheduler               
0000349f  vPortEndScheduler                 
000034a1  vPortEnterCritical                
000034c1  vPortExitCritical                 
000034d7  xPortSysTickHandler               
000034fd  vPortSetupTimerInterrupt          
00003519  vPortValidateInterruptPriority    
00003565  GPIOPadConfigSet                  
000036d1  vListInitialise                   
00003701  vListInitialiseItem               
00003711  vListInsertEnd                    
0000374d  vListInsert                       
000037b3  uxListRemove                      
000037fd  SysCtlClockGet                    
00003915  UART0_Config                      
00003977  UART0_SendString                  
0000399b  UART0_SendInt                     
000039c1  UART0_SendChr                     
000039dd  UART0_ReadChr                     
00003a0d  SysCtlClockSet                    
00003b11  ulPortGetIPSR                     
00003b29  xPortPendSVHandler                
00003b89  vPortSVCHandler                   
00003ba9  vPortStartFirstTask               
00003bcd  vPortEnableVFP                    
00003bdb  __aeabi_memcpy                    
00003bdb  __aeabi_memcpy4                   
00003bdb  __aeabi_memcpy8                   
00003bdb  memcpy                            
00003c77  __aeabi_memclr                    
00003c77  __aeabi_memclr4                   
00003c77  __aeabi_memclr8                   
00003c79  __aeabi_memset                    
00003c79  __aeabi_memset4                   
00003c79  __aeabi_memset8                   
00003c7f  memset                            
00003cf1  __TI_decompress_lzss              
00003d59  GPIOPinConfigure                  
00003da5  UARTConfigSetExpClk               
00003ded  __TI_auto_init_nobinit_nopinit    
00003e31  SysCtlPeripheralEnable            
00003e65  _c_int00_noargs                   
00003e99  GPIODirModeSet                    
00003ec5  UARTDisable                       
00003ee5  GPIOPinTypeGPIOOutput             
00003eff  GPIOPinTypeUART                   
00003f15  UARTEnable                        
00003f29  UARTCharGetNonBlocking            
00003f37  UARTCharsAvail                    
00003f45  __TI_decompress_none              
00003f53  __TI_zero_init                    
00003f5f  ResetISR                          
00003f6b  UARTCharPut                       
00003f75  main                              
00003f7f  GPIOPinWrite                      
00003f85  SysCtlDelay                       
00003f8b  UARTClockSourceSet                
00003f91  _system_pre_init                  
00003f95  C$$EXIT                           
00003f95  abort                             
00004094  ulMaxSyscallInterruptPriority     
0000409c  uxTopUsedPriority                 
000040b8  __TI_Handler_Table_Base           
000040c4  __TI_Handler_Table_Limit          
000040d0  __TI_CINIT_Base                   
000040e0  __TI_CINIT_Limit                  
20004e84  xQueueRegistry                    
20004f50  sem2                              
20004f54  Rec_Char                          
20004f58  __stack                           
20005158  __STACK_END                       
20005158  __STACK_TOP                       
20005158  pxCurrentTCB                      
200051a0  IS_Send                           
ffffffff  __TI_pprof_out_hndl               
ffffffff  __TI_prof_data_size               
ffffffff  __TI_prof_data_start              
ffffffff  __binit__                         
ffffffff  __c_args__                        
ffffffff  binit                             
UNDEFED   __mpu_init                        
UNDEFED   _system_post_cinit                

[166 symbols]
